Archive member included to satisfy reference by file (symbol)

app/libapp.a(main.c.obj)      (--whole-archive)
app/libapp.a(sensors.c.obj)   (--whole-archive)
app/libapp.a(camera.c.obj)    (--whole-archive)
app/libapp.a(display.c.obj)   (--whole-archive)
app/libapp.a(utils.c.obj)     (--whole-archive)
app/libapp.a(control.c.obj)   (--whole-archive)
zephyr/libzephyr.a(heap.c.obj)
                              (--whole-archive)
zephyr/libzephyr.a(cbprintf_packaged.c.obj)
                              (--whole-archive)
zephyr/libzephyr.a(clock.c.obj)
                              (--whole-archive)
zephyr/libzephyr.a(printk.c.obj)
                              (--whole-archive)
zephyr/libzephyr.a(sem.c.obj)
                              (--whole-archive)
zephyr/libzephyr.a(thread_entry.c.obj)
                              (--whole-archive)
zephyr/libzephyr.a(cbprintf_complete.c.obj)
                              (--whole-archive)
zephyr/libzephyr.a(assert.c.obj)
                              (--whole-archive)
zephyr/libzephyr.a(mpsc_pbuf.c.obj)
                              (--whole-archive)
zephyr/libzephyr.a(reboot.c.obj)
                              (--whole-archive)
zephyr/libzephyr.a(dec.c.obj)
                              (--whole-archive)
zephyr/libzephyr.a(hex.c.obj)
                              (--whole-archive)
zephyr/libzephyr.a(rb.c.obj)  (--whole-archive)
zephyr/libzephyr.a(timeutil.c.obj)
                              (--whole-archive)
zephyr/libzephyr.a(bitarray.c.obj)
                              (--whole-archive)
zephyr/libzephyr.a(ring_buffer.c.obj)
                              (--whole-archive)
zephyr/libzephyr.a(last_section_id.c.obj)
                              (--whole-archive)
zephyr/libzephyr.a(configs.c.obj)
                              (--whole-archive)
zephyr/libzephyr.a(soc.c.obj)
                              (--whole-archive)
zephyr/libzephyr.a(log_core.c.obj)
                              (--whole-archive)
zephyr/libzephyr.a(log_mgmt.c.obj)
                              (--whole-archive)
zephyr/libzephyr.a(log_cache.c.obj)
                              (--whole-archive)
zephyr/libzephyr.a(log_msg.c.obj)
                              (--whole-archive)
zephyr/libzephyr.a(log_output.c.obj)
                              (--whole-archive)
zephyr/libzephyr.a(log_backend_uart.c.obj)
                              (--whole-archive)
zephyr/libzephyr.a(mem_attr.c.obj)
                              (--whole-archive)
zephyr/libzephyr.a(tracing_none.c.obj)
                              (--whole-archive)
zephyr/arch/common/libarch__common.a(sw_isr_common.c.obj)
                              (--whole-archive)
zephyr/arch/arch/arm/core/libarch__arm__core.a(fatal.c.obj)
                              (--whole-archive)
zephyr/arch/arch/arm/core/libarch__arm__core.a(nmi.c.obj)
                              (--whole-archive)
zephyr/arch/arch/arm/core/libarch__arm__core.a(nmi_on_reset.S.obj)
                              (--whole-archive)
zephyr/arch/arch/arm/core/libarch__arm__core.a(tls.c.obj)
                              (--whole-archive)
zephyr/arch/arch/arm/core/cortex_m/libarch__arm__core__cortex_m.a(exc_exit.c.obj)
                              (--whole-archive)
zephyr/arch/arch/arm/core/cortex_m/libarch__arm__core__cortex_m.a(fault.c.obj)
                              (--whole-archive)
zephyr/arch/arch/arm/core/cortex_m/libarch__arm__core__cortex_m.a(fault_s.S.obj)
                              (--whole-archive)
zephyr/arch/arch/arm/core/cortex_m/libarch__arm__core__cortex_m.a(fpu.c.obj)
                              (--whole-archive)
zephyr/arch/arch/arm/core/cortex_m/libarch__arm__core__cortex_m.a(reset.S.obj)
                              (--whole-archive)
zephyr/arch/arch/arm/core/cortex_m/libarch__arm__core__cortex_m.a(scb.c.obj)
                              (--whole-archive)
zephyr/arch/arch/arm/core/cortex_m/libarch__arm__core__cortex_m.a(thread_abort.c.obj)
                              (--whole-archive)
zephyr/arch/arch/arm/core/cortex_m/libarch__arm__core__cortex_m.a(vector_table.S.obj)
                              (--whole-archive)
zephyr/arch/arch/arm/core/cortex_m/libarch__arm__core__cortex_m.a(swap_helper.S.obj)
                              (--whole-archive)
zephyr/arch/arch/arm/core/cortex_m/libarch__arm__core__cortex_m.a(irq_manage.c.obj)
                              (--whole-archive)
zephyr/arch/arch/arm/core/cortex_m/libarch__arm__core__cortex_m.a(prep_c.c.obj)
                              (--whole-archive)
zephyr/arch/arch/arm/core/cortex_m/libarch__arm__core__cortex_m.a(thread.c.obj)
                              (--whole-archive)
zephyr/arch/arch/arm/core/cortex_m/libarch__arm__core__cortex_m.a(cpu_idle.c.obj)
                              (--whole-archive)
zephyr/arch/arch/arm/core/cortex_m/libarch__arm__core__cortex_m.a(irq_init.c.obj)
                              (--whole-archive)
[...]
Memory Configuration

Name             Origin             Length             Attributes
FLASH            0x0000000000000000 0x0000000000400000 xr
RAM              0x0000000020000000 0x0000000000400000 xw
IDT_LIST         0x00000000ffff7fff 0x0000000000008000 xw
*default*        0x0000000000000000 0xffffffffffffffff

Linker script and memory map

                0x000000000000398c                vfprintf = __l_vfprintf
                0x0000000000000000                vfscanf = __l_vfscanf
LOAD zephyr/CMakeFiles/zephyr_final.dir/misc/empty_file.c.obj
LOAD zephyr/CMakeFiles/zephyr_final.dir/isr_tables.c.obj
LOAD zephyr/CMakeFiles/offsets.dir/./arch/arm/core/offsets/offsets.c.obj
LOAD app/libapp.a
LOAD zephyr/libzephyr.a
LOAD zephyr/arch/common/libarch__common.a
LOAD zephyr/arch/arch/arm/core/libarch__arm__core.a
LOAD zephyr/arch/arch/arm/core/cortex_m/libarch__arm__core__cortex_m.a
LOAD zephyr/arch/arch/arm/core/mpu/libarch__arm__core__mpu.a
LOAD zephyr/lib/libc/picolibc/liblib__libc__picolibc.a
LOAD zephyr/lib/libc/common/liblib__libc__common.a
LOAD zephyr/subsys/random/libsubsys__random.a
LOAD zephyr/subsys/zbus/libsubsys__zbus.a
LOAD zephyr/drivers/console/libdrivers__console.a
LOAD zephyr/drivers/gpio/libdrivers__gpio.a
LOAD zephyr/drivers/pinctrl/libdrivers__pinctrl.a
LOAD zephyr/drivers/serial/libdrivers__serial.a
LOAD zephyr/drivers/timer/libdrivers__timer.a
LOAD zephyr/kernel/libkernel.a
LOAD zephyr/arch/common/libisr_tables.a
LOAD /home/mariaantonia/zephyr-sdk/arm-zephyr-eabi/bin/../lib/gcc/../../picolibc/arm-zephyr-eabi/lib/thumb/v7-m/nofp/libc.a
LOAD /home/mariaantonia/zephyr-sdk/arm-zephyr-eabi/bin/../lib/gcc/arm-zephyr-eabi/12.2.0/thumb/v7-m/nofp/libgcc.a
                0x0000000000000020                _region_min_align = 0x20

.rel.plt        0x0000000000000000        0x0
 *(SORT_BY_ALIGNMENT(.rel.plt))
                [!provide]                        PROVIDE (__rel_iplt_start = .)
 *(SORT_BY_ALIGNMENT(.rel.iplt))
 .rel.iplt      0x0000000000000000        0x0 zephyr/CMakeFiles/zephyr_final.dir/isr_tables.c.obj
                [!provide]                        PROVIDE (__rel_iplt_end = .)

.rela.plt       0x0000000000000000        0x0
 *(SORT_BY_ALIGNMENT(.rela.plt))
                [!provide]                        PROVIDE (__rela_iplt_start = .)
 *(SORT_BY_ALIGNMENT(.rela.iplt))
                [!provide]                        PROVIDE (__rela_iplt_end = .)

.rel.dyn
 *(SORT_BY_ALIGNMENT(.rel.*))

.rela.dyn
 *(SORT_BY_ALIGNMENT(.rela.*))

/DISCARD/
 *(SORT_BY_ALIGNMENT(.plt))

/DISCARD/
 *(SORT_BY_ALIGNMENT(.iplt))
                0x0000000000000000                __rom_region_start = 0x0

rom_start       0x0000000000000000       0xc0
                0x0000000000000000                __rom_start_address = .
 FILL mask 0x00
                0x0000000000000000                . = (. + (0x0 - (. - __rom_start_address)))
                0x0000000000000000                . = ALIGN (0x4)
                0x0000000000000000                . = ALIGN (0x80)
                0x0000000000000000                . = ALIGN (0x100)
                0x0000000000000000                _vector_start = .
 *(SORT_BY_ALIGNMENT(.exc_vector_table))
 *(SORT_BY_ALIGNMENT(.exc_vector_table.*))
 .exc_vector_table._vector_table_section
                0x0000000000000000       0x40 zephyr/arch/arch/arm/core/cortex_m/libarch__arm__core__cortex_m.a(vector_table.S.obj)
                0x0000000000000000                _vector_table
 *(SORT_BY_ALIGNMENT(.vectors))
                0x00000000000000c0                _vector_end = .
                0x0000000000000040                . = ALIGN (0x4)
 *(SORT_BY_ALIGNMENT(.gnu.linkonce.irq_vector_table*))
 .gnu.linkonce.irq_vector_table
                0x0000000000000040       0x80 zephyr/CMakeFiles/zephyr_final.dir/isr_tables.c.obj
                0x0000000000000040                _irq_vector_table
                0x00000000000000c0                _vector_end = .

text            0x00000000000000c0     0x5384
                0x00000000000000c0                __text_region_start = .
 *(SORT_BY_ALIGNMENT(.text))
 .text          0x00000000000000c0       0x10 /home/mariaantonia/zephyr-sdk/arm-zephyr-eabi/bin/../lib/gcc/../../picolibc/arm-zephyr-eabi/lib/thumb/v7-m/nofp/libc.a(strlen.S.o)
                0x00000000000000c0                strlen
 *(SORT_BY_ALIGNMENT(.text.*))
 .text.main     0x00000000000000d0      0x108 app/libapp.a(main.c.obj)
                0x00000000000000d0                main
 .text.sensors_thread
                0x00000000000001d8       0x68 app/libapp.a(sensors.c.obj)
                0x00000000000001d8                sensors_thread
 .text.camera_thread
                0x0000000000000240       0xd4 app/libapp.a(camera.c.obj)
                0x0000000000000240                camera_thread
 .text.display_thread
                0x0000000000000314       0xcc app/libapp.a(display.c.obj)
                0x0000000000000314                display_thread
 .text.control_thread
                0x00000000000003e0      0x10c app/libapp.a(control.c.obj)
                0x00000000000003e0                control_thread
 .text.cbvprintf_package
                0x00000000000004ec      0x3a4 zephyr/libzephyr.a(cbprintf_packaged.c.obj)
                0x00000000000004ec                cbvprintf_package
 .text.cbprintf_package_convert
                0x0000000000000890      0x3d0 zephyr/libzephyr.a(cbprintf_packaged.c.obj)
                0x0000000000000890                cbprintf_package_convert
 .text.__printk_hook_install
                0x0000000000000c60        0xc zephyr/libzephyr.a(printk.c.obj)
                0x0000000000000c60                __printk_hook_install
 .text.z_thread_entry
                0x0000000000000c6c       0x34 zephyr/libzephyr.a(thread_entry.c.obj)
                0x0000000000000c6c                z_thread_entry
 .text.activate_foreach_backend
                0x0000000000000ca0       0x64 zephyr/libzephyr.a(log_core.c.obj)
 .text.enable_logger
                0x0000000000000d04       0x5c zephyr/libzephyr.a(log_core.c.obj)
 .text.log_process_thread_timer_expiry_fn
                0x0000000000000d60        0xc zephyr/libzephyr.a(log_core.c.obj)
 .text.z_log_init
                0x0000000000000d6c       0x94 zephyr/libzephyr.a(log_core.c.obj)
 .text.log_format_func_t_get
                0x0000000000000e00        0xc zephyr/libzephyr.a(log_core.c.obj)
                0x0000000000000e00                log_format_func_t_get
 .text.log_set_timestamp_func
                0x0000000000000e0c       0x20 zephyr/libzephyr.a(log_core.c.obj)
                0x0000000000000e0c                log_set_timestamp_func
 .text.z_log_notify_backend_enabled
                0x0000000000000e2c       0x1c zephyr/libzephyr.a(log_core.c.obj)
                0x0000000000000e2c                z_log_notify_backend_enabled
 .text.z_log_dropped
                0x0000000000000e48       0x44 zephyr/libzephyr.a(log_core.c.obj)
                0x0000000000000e48                z_log_dropped
 .text.z_log_dropped_read_and_clear
                0x0000000000000e8c       0x20 zephyr/libzephyr.a(log_core.c.obj)
                0x0000000000000e8c                z_log_dropped_read_and_clear
 .text.dropped_notify
                0x0000000000000eac       0x30 zephyr/libzephyr.a(log_core.c.obj)
                0x0000000000000eac                dropped_notify
 .text.z_log_msg_init
                0x0000000000000edc       0x20 zephyr/libzephyr.a(log_core.c.obj)
                0x0000000000000edc                z_log_msg_init
 .text.log_core_init
                0x0000000000000efc       0x50 zephyr/libzephyr.a(log_core.c.obj)
                0x0000000000000efc                log_core_init
 .text.z_log_msg_alloc
                0x0000000000000f4c       0x10 zephyr/libzephyr.a(log_core.c.obj)
                0x0000000000000f4c                z_log_msg_alloc
 .text.z_log_msg_local_claim
                0x0000000000000f5c        0xc zephyr/libzephyr.a(log_core.c.obj)
                0x0000000000000f5c                z_log_msg_local_claim
 .text.z_log_msg_free
                0x0000000000000f68       0x10 zephyr/libzephyr.a(log_core.c.obj)
                0x0000000000000f68                z_log_msg_free
 .text.z_log_msg_pending
                0x0000000000000f78        0xc zephyr/libzephyr.a(log_core.c.obj)
                0x0000000000000f78                z_log_msg_pending
 .text.z_impl_log_process
                0x0000000000000f84       0xb4 zephyr/libzephyr.a(log_core.c.obj)
                0x0000000000000f84                z_impl_log_process
 .text.z_impl_log_panic
                0x0000000000001038       0x44 zephyr/libzephyr.a(log_core.c.obj)
                0x0000000000001038                z_impl_log_panic
 .text.log_process_thread_func
                0x000000000000107c       0xa4 zephyr/libzephyr.a(log_core.c.obj)
 .text.z_log_msg_post_finalize
                0x0000000000001120       0x74 zephyr/libzephyr.a(log_core.c.obj)
 .text.z_log_msg_commit
                0x0000000000001194       0x24 zephyr/libzephyr.a(log_core.c.obj)
                0x0000000000001194                z_log_msg_commit
 .text.log_source_name_get
                0x00000000000011b8       0x1c zephyr/libzephyr.a(log_mgmt.c.obj)
                0x00000000000011b8                log_source_name_get
 .text.z_impl_z_log_msg_static_create
                0x00000000000011d4      0x108 zephyr/libzephyr.a(log_msg.c.obj)
                0x00000000000011d4                z_impl_z_log_msg_static_create
 .text.z_log_msg_runtime_vcreate
                0x00000000000012dc       0xa0 zephyr/libzephyr.a(log_msg.c.obj)
                0x00000000000012dc                z_log_msg_runtime_vcreate
 .text.log_msg_get_source_id
                0x000000000000137c       0x18 zephyr/libzephyr.a(log_msg.c.obj)
                0x000000000000137c                log_msg_get_source_id
 .text.print_formatted
                0x0000000000001394       0x24 zephyr/libzephyr.a(log_output.c.obj)
 .text.newline_print
                0x00000000000013b8       0x1c zephyr/libzephyr.a(log_output.c.obj)
 .text.log_output_process
                0x00000000000013d4      0x2d4 zephyr/libzephyr.a(log_output.c.obj)
                0x00000000000013d4                log_output_process
 .text.log_output_dropped_process
                0x00000000000016a8       0x58 zephyr/libzephyr.a(log_output.c.obj)
                0x00000000000016a8                log_output_dropped_process
 .text.log_output_timestamp_freq_set
                0x0000000000001700       0x2c zephyr/libzephyr.a(log_output.c.obj)
                0x0000000000001700                log_output_timestamp_freq_set
 .text.char_out
                0x000000000000172c       0x24 zephyr/libzephyr.a(log_backend_uart.c.obj)
 .text.mem_attr_get_regions
                0x0000000000001750        0xc zephyr/libzephyr.a(mem_attr.c.obj)
                0x0000000000001750                mem_attr_get_regions
 .text.z_arm_fatal_error
                0x000000000000175c       0xb4 zephyr/arch/arch/arm/core/libarch__arm__core.a(fatal.c.obj)
                0x000000000000175c                z_arm_fatal_error
 .text.z_arm_nmi
                0x0000000000001810       0x14 zephyr/arch/arch/arm/core/libarch__arm__core.a(nmi.c.obj)
                0x0000000000001810                z_arm_nmi
 .text.z_SysNmiOnReset
                0x0000000000001824        0x8 zephyr/arch/arch/arm/core/libarch__arm__core.a(nmi_on_reset.S.obj)
                0x0000000000001824                z_SysNmiOnReset
 .text.arch_tls_stack_setup
                0x000000000000182c       0x40 zephyr/arch/arch/arm/core/libarch__arm__core.a(tls.c.obj)
                0x000000000000182c                arch_tls_stack_setup
 .text._HandlerModeExit
                0x000000000000186c       0x20 zephyr/arch/arch/arm/core/cortex_m/libarch__arm__core__cortex_m.a(exc_exit.c.obj)
                0x000000000000186c                z_arm_exc_exit
                0x000000000000186c                z_arm_int_exit
 .text.mem_manage_fault.constprop.0
                0x000000000000188c       0xac zephyr/arch/arch/arm/core/cortex_m/libarch__arm__core__cortex_m.a(fault.c.obj)
 .text.usage_fault.constprop.0
                0x0000000000001938       0xa8 zephyr/arch/arch/arm/core/cortex_m/libarch__arm__core__cortex_m.a(fault.c.obj)
 .text.bus_fault.constprop.0
                0x00000000000019e0       0xb8 zephyr/arch/arch/arm/core/cortex_m/libarch__arm__core__cortex_m.a(fault.c.obj)
 .text.z_arm_fault
                0x0000000000001a98      0x1d0 zephyr/arch/arch/arm/core/cortex_m/libarch__arm__core__cortex_m.a(fault.c.obj)
                0x0000000000001a98                z_arm_fault
 .text.z_arm_fault_init
                0x0000000000001c68       0x18 zephyr/arch/arch/arm/core/cortex_m/libarch__arm__core__cortex_m.a(fault.c.obj)
                0x0000000000001c68                z_arm_fault_init
 .text.__fault  0x0000000000001c80       0x14 zephyr/arch/arch/arm/core/cortex_m/libarch__arm__core__cortex_m.a(fault_s.S.obj)
                0x0000000000001c80                z_arm_bus_fault
                0x0000000000001c80                z_arm_usage_fault
                0x0000000000001c80                z_arm_mpu_fault
                0x0000000000001c80                z_arm_exc_spurious
                0x0000000000001c80                z_arm_debug_monitor
                0x0000000000001c80                z_arm_hard_fault
 .text._reset_section
                0x0000000000001c94       0x34 zephyr/arch/arch/arm/core/cortex_m/libarch__arm__core__cortex_m.a(reset.S.obj)
                0x0000000000001c94                z_arm_reset
                0x0000000000001c94                __start
 .text.z_impl_k_thread_abort
                0x0000000000001cc8       0x2c zephyr/arch/arch/arm/core/cortex_m/libarch__arm__core__cortex_m.a(thread_abort.c.obj)
                0x0000000000001cc8                z_impl_k_thread_abort
 .text.z_arm_pendsv
                0x0000000000001cf4       0x54 zephyr/arch/arch/arm/core/cortex_m/libarch__arm__core__cortex_m.a(swap_helper.S.obj)
                0x0000000000001cf4                z_arm_pendsv
 .text.z_arm_svc
                0x0000000000001d48       0x24 zephyr/arch/arch/arm/core/cortex_m/libarch__arm__core__cortex_m.a(swap_helper.S.obj)
                0x0000000000001d48                z_arm_svc
 .text.arm_irq_enable
                0x0000000000001d6c       0x1c zephyr/arch/arch/arm/core/cortex_m/libarch__arm__core__cortex_m.a(irq_manage.c.obj)
                0x0000000000001d6c                arm_irq_enable
 .text.arm_irq_priority_set
                0x0000000000001d88       0x2c zephyr/arch/arch/arm/core/cortex_m/libarch__arm__core__cortex_m.a(irq_manage.c.obj)
                0x0000000000001d88                arm_irq_priority_set
 .text.relocate_vector_table
                0x0000000000001db4       0x20 zephyr/arch/arch/arm/core/cortex_m/libarch__arm__core__cortex_m.a(prep_c.c.obj)
                0x0000000000001db4                relocate_vector_table
 .text.arch_new_thread
                0x0000000000001dd4       0x38 zephyr/arch/arch/arm/core/cortex_m/libarch__arm__core__cortex_m.a(thread.c.obj)
                0x0000000000001dd4                arch_new_thread
 .text.arch_switch_to_main_thread
                0x0000000000001e0c       0x38 zephyr/arch/arch/arm/core/cortex_m/libarch__arm__core__cortex_m.a(thread.c.obj)
                0x0000000000001e0c                arch_switch_to_main_thread
 .text.z_arm_cpu_idle_init
                0x0000000000001e44        0xc zephyr/arch/arch/arm/core/cortex_m/libarch__arm__core__cortex_m.a(cpu_idle.c.obj)
                0x0000000000001e44                z_arm_cpu_idle_init
 .text.z_arm_interrupt_init
                0x0000000000001e50       0x18 zephyr/arch/arch/arm/core/cortex_m/libarch__arm__core__cortex_m.a(irq_init.c.obj)
                0x0000000000001e50                z_arm_interrupt_init
 .text._isr_wrapper
                0x0000000000001e68       0x24 zephyr/arch/arch/arm/core/cortex_m/libarch__arm__core__cortex_m.a(isr_wrapper.c.obj)
                0x0000000000001e68                _isr_wrapper
 .text.z_arm_configure_static_mpu_regions
                0x0000000000001e8c       0x18 zephyr/arch/arch/arm/core/mpu/libarch__arm__core__mpu.a(arm_core_mpu.c.obj)
                0x0000000000001e8c                z_arm_configure_static_mpu_regions
 .text.region_allocate_and_init
                0x0000000000001ea4       0x54 zephyr/arch/arch/arm/core/mpu/libarch__arm__core__mpu.a(arm_mpu.c.obj)
 .text.mpu_configure_regions
                0x0000000000001ef8       0x68 zephyr/arch/arch/arm/core/mpu/libarch__arm__core__mpu.a(arm_mpu.c.obj)
 .text.arm_core_mpu_enable
                0x0000000000001f60       0x18 zephyr/arch/arch/arm/core/mpu/libarch__arm__core__mpu.a(arm_mpu.c.obj)
                0x0000000000001f60                arm_core_mpu_enable
 .text.arm_core_mpu_disable
                0x0000000000001f78       0x14 zephyr/arch/arch/arm/core/mpu/libarch__arm__core__mpu.a(arm_mpu.c.obj)
                0x0000000000001f78                arm_core_mpu_disable
 .text.arm_core_mpu_configure_static_mpu_regions
                0x0000000000001f8c       0x14 zephyr/arch/arch/arm/core/mpu/libarch__arm__core__mpu.a(arm_mpu.c.obj)
                0x0000000000001f8c                arm_core_mpu_configure_static_mpu_regions
 .text.z_arm_mpu_init
                0x0000000000001fa0      0x17c zephyr/arch/arch/arm/core/mpu/libarch__arm__core__mpu.a(arm_mpu.c.obj)
                0x0000000000001fa0                z_arm_mpu_init
 .text.cbvprintf
                0x000000000000211c       0x38 zephyr/lib/libc/picolibc/liblib__libc__picolibc.a(cbprintf.c.obj)
                0x000000000000211c                cbvprintf
 .text.z_impl_zephyr_fputc
                0x0000000000002154       0x10 zephyr/lib/libc/picolibc/liblib__libc__picolibc.a(stdio.c.obj)
                0x0000000000002154                z_impl_zephyr_fputc
 .text.__stdout_hook_install
                0x0000000000002164       0x18 zephyr/lib/libc/picolibc/liblib__libc__picolibc.a(stdio.c.obj)
                0x0000000000002164                __stdout_hook_install
 .text.malloc_prepare
                0x000000000000217c       0x20 zephyr/lib/libc/common/liblib__libc__common.a(malloc.c.obj)
 .text.z_impl_sys_rand_get
                0x000000000000219c       0x84 zephyr/subsys/random/libsubsys__random.a(random_timer.c.obj)
                0x000000000000219c                z_impl_sys_rand_get
 .text._zbus_init
                0x0000000000002220       0x48 zephyr/subsys/zbus/libsubsys__zbus.a(zbus.c.obj)
                0x0000000000002220                _zbus_init
 .text._zbus_vded_exec
                0x0000000000002268       0xd0 zephyr/subsys/zbus/libsubsys__zbus.a(zbus.c.obj)
 .text.chan_lock.constprop.0
                0x0000000000002338       0x88 zephyr/subsys/zbus/libsubsys__zbus.a(zbus.c.obj)
 .text.zbus_chan_pub
                0x00000000000023c0       0x90 zephyr/subsys/zbus/libsubsys__zbus.a(zbus.c.obj)
                0x00000000000023c0                zbus_chan_pub
 .text.uart_console_init
                0x0000000000002450       0x28 zephyr/drivers/console/libdrivers__console.a(uart_console.c.obj)
 .text.console_out
                0x0000000000002478       0x28 zephyr/drivers/console/libdrivers__console.a(uart_console.c.obj)
 .text.pinctrl_configure_pins
                0x00000000000024a0       0x44 zephyr/drivers/pinctrl/libdrivers__pinctrl.a(pinctrl_arm_mps2.c.obj)
                0x00000000000024a0                pinctrl_configure_pins
 .text.elapsed  0x00000000000024e4       0x4c zephyr/drivers/timer/libdrivers__timer.a(cortex_m_systick.c.obj)
 .text.sys_clock_driver_init
                0x0000000000002530       0x38 zephyr/drivers/timer/libdrivers__timer.a(cortex_m_systick.c.obj)
 .text.sys_clock_isr
                0x0000000000002568       0x50 zephyr/drivers/timer/libdrivers__timer.a(cortex_m_systick.c.obj)
                0x0000000000002568                sys_clock_isr
 .text.sys_clock_set_timeout
                0x00000000000025b8       0xe4 zephyr/drivers/timer/libdrivers__timer.a(cortex_m_systick.c.obj)
                0x00000000000025b8                sys_clock_set_timeout
 .text.sys_clock_elapsed
                0x000000000000269c       0x3c zephyr/drivers/timer/libdrivers__timer.a(cortex_m_systick.c.obj)
                0x000000000000269c                sys_clock_elapsed
 .text.sys_clock_cycle_get_32
                0x00000000000026d8       0x28 zephyr/drivers/timer/libdrivers__timer.a(cortex_m_systick.c.obj)
                0x00000000000026d8                sys_clock_cycle_get_32
 .text.k_sys_fatal_error_handler
                0x0000000000002700       0x20 zephyr/kernel/libkernel.a(fatal.c.obj)
                0x0000000000002700                k_sys_fatal_error_handler
 .text.z_fatal_error
                0x0000000000002720       0xe8 zephyr/kernel/libkernel.a(fatal.c.obj)
                0x0000000000002720                z_fatal_error
 .text.z_sys_init_run_level
                0x0000000000002808       0x30 zephyr/kernel/libkernel.a(init.c.obj)
 .text.bg_thread_main
                0x0000000000002838       0xc0 zephyr/kernel/libkernel.a(init.c.obj)
 .text.z_bss_zero
                0x00000000000028f8       0x18 zephyr/kernel/libkernel.a(init.c.obj)
                0x00000000000028f8                z_bss_zero
 .text.z_init_cpu
                0x0000000000002910       0x68 zephyr/kernel/libkernel.a(init.c.obj)
                0x0000000000002910                z_init_cpu
 .text.z_cstart
                0x0000000000002978       0xcc zephyr/kernel/libkernel.a(init.c.obj)
                0x0000000000002978                z_cstart
 .text.z_impl_k_msgq_put
                0x0000000000002a44       0xb0 zephyr/kernel/libkernel.a(msg_q.c.obj)
                0x0000000000002a44                z_impl_k_msgq_put
 .text.z_impl_k_msgq_get
                0x0000000000002af4       0xc4 zephyr/kernel/libkernel.a(msg_q.c.obj)
                0x0000000000002af4                z_impl_k_msgq_get
 .text.z_impl_k_sem_give
                0x0000000000002bb8       0x68 zephyr/kernel/libkernel.a(sem.c.obj)
                0x0000000000002bb8                z_impl_k_sem_give
 .text.z_impl_k_sem_take
                0x0000000000002c20       0x4c zephyr/kernel/libkernel.a(sem.c.obj)
                0x0000000000002c20                z_impl_k_sem_take
 .text.z_setup_new_thread
                0x0000000000002c6c       0x7c zephyr/kernel/libkernel.a(thread.c.obj)
                0x0000000000002c6c                z_setup_new_thread
 .text.z_impl_k_thread_create
                0x0000000000002ce8       0x58 zephyr/kernel/libkernel.a(thread.c.obj)
                0x0000000000002ce8                z_impl_k_thread_create
 .text.z_dummy_thread_init
                0x0000000000002d40       0x18 zephyr/kernel/libkernel.a(thread.c.obj)
                0x0000000000002d40                z_dummy_thread_init
 .text.z_swap_irqlock
                0x0000000000002d58       0x30 zephyr/kernel/libkernel.a(sched.c.obj)
 .text.ready_thread
                0x0000000000002d88       0x84 zephyr/kernel/libkernel.a(sched.c.obj)
 .text.unready_thread
                0x0000000000002e0c       0x54 zephyr/kernel/libkernel.a(sched.c.obj)
 .text.add_thread_timeout
                0x0000000000002e60       0x1c zephyr/kernel/libkernel.a(sched.c.obj)
 .text.move_thread_to_end_of_prio_q
                0x0000000000002e7c       0x90 zephyr/kernel/libkernel.a(sched.c.obj)
                0x0000000000002e7c                move_thread_to_end_of_prio_q
 .text.z_pend_curr
                0x0000000000002f0c       0x44 zephyr/kernel/libkernel.a(sched.c.obj)
                0x0000000000002f0c                z_pend_curr
 .text.z_thread_prio_set
                0x0000000000002f50       0xe4 zephyr/kernel/libkernel.a(sched.c.obj)
                0x0000000000002f50                z_thread_prio_set
 .text.z_reschedule
                0x0000000000003034       0x24 zephyr/kernel/libkernel.a(sched.c.obj)
                0x0000000000003034                z_reschedule
 .text.z_reschedule_irqlock
                0x0000000000003058       0x28 zephyr/kernel/libkernel.a(sched.c.obj)
                0x0000000000003058                z_reschedule_irqlock
 .text.k_sched_lock
                0x0000000000003080       0x28 zephyr/kernel/libkernel.a(sched.c.obj)
                0x0000000000003080                k_sched_lock
 .text.k_sched_unlock
                0x00000000000030a8       0x68 zephyr/kernel/libkernel.a(sched.c.obj)
                0x00000000000030a8                k_sched_unlock
 .text.z_sched_init
                0x0000000000003110       0x10 zephyr/kernel/libkernel.a(sched.c.obj)
                0x0000000000003110                z_sched_init
 .text.z_impl_k_thread_priority_set
                0x0000000000003120       0x2c zephyr/kernel/libkernel.a(sched.c.obj)
                0x0000000000003120                z_impl_k_thread_priority_set
 .text.z_impl_k_yield
                0x000000000000314c       0x88 zephyr/kernel/libkernel.a(sched.c.obj)
                0x000000000000314c                z_impl_k_yield
 .text.z_tick_sleep
                0x00000000000031d4       0x78 zephyr/kernel/libkernel.a(sched.c.obj)
 .text.z_impl_k_wakeup
                0x000000000000324c       0x48 zephyr/kernel/libkernel.a(sched.c.obj)
                0x000000000000324c                z_impl_k_wakeup
 .text.z_impl_k_sched_current_thread_query
                0x0000000000003294        0xc zephyr/kernel/libkernel.a(sched.c.obj)
                0x0000000000003294                z_impl_k_sched_current_thread_query
 .text.z_thread_abort
                0x00000000000032a0      0x138 zephyr/kernel/libkernel.a(sched.c.obj)
                0x00000000000032a0                z_thread_abort
 .text.slice_timeout
                0x00000000000033d8       0x20 zephyr/kernel/libkernel.a(timeslicing.c.obj)
 .text.thread_is_sliceable
                0x00000000000033f8       0x3c zephyr/kernel/libkernel.a(timeslicing.c.obj)
                0x00000000000033f8                thread_is_sliceable
 .text.z_reset_time_slice
                0x0000000000003434       0x50 zephyr/kernel/libkernel.a(timeslicing.c.obj)
                0x0000000000003434                z_reset_time_slice
 .text.z_time_slice
                0x0000000000003484       0x60 zephyr/kernel/libkernel.a(timeslicing.c.obj)
                0x0000000000003484                z_time_slice
 .text.z_data_copy
                0x00000000000034e4       0x38 zephyr/kernel/libkernel.a(xip.c.obj)
                0x00000000000034e4                z_data_copy
 .text.first    0x000000000000351c       0x10 zephyr/kernel/libkernel.a(timeout.c.obj)
 .text.elapsed  0x000000000000352c       0x14 zephyr/kernel/libkernel.a(timeout.c.obj)
 .text.remove_timeout
                0x0000000000003540       0x38 zephyr/kernel/libkernel.a(timeout.c.obj)
 .text.z_add_timeout
                0x0000000000003578      0x120 zephyr/kernel/libkernel.a(timeout.c.obj)
                0x0000000000003578                z_add_timeout
 .text.sys_clock_announce
                0x0000000000003698       0xbc zephyr/kernel/libkernel.a(timeout.c.obj)
                0x0000000000003698                sys_clock_announce
 .text.sys_clock_tick_get
                0x0000000000003754       0x30 zephyr/kernel/libkernel.a(timeout.c.obj)
                0x0000000000003754                sys_clock_tick_get
 .text.z_timer_expiration_handler
                0x0000000000003784      0x110 zephyr/kernel/libkernel.a(timer.c.obj)
                0x0000000000003784                z_timer_expiration_handler
 .text.z_impl_k_timer_start
                0x0000000000003894       0x70 zephyr/kernel/libkernel.a(timer.c.obj)
                0x0000000000003894                z_impl_k_timer_start
 .text.boot_banner
                0x0000000000003904        0xc zephyr/kernel/libkernel.a(banner.c.obj)
                0x0000000000003904                boot_banner
 .text.statics_init
                0x0000000000003910       0x24 zephyr/kernel/libkernel.a(kheap.c.obj)
 .text.snprintf
                0x0000000000003934       0x58 /home/mariaantonia/zephyr-sdk/arm-zephyr-eabi/bin/../lib/gcc/../../picolibc/arm-zephyr-eabi/lib/thumb/v7-m/nofp/libc.a(libc_tinystdio_snprintf.c.o)
                0x0000000000003934                snprintf
 .text.__l_vfprintf
                0x000000000000398c      0x4b8 /home/mariaantonia/zephyr-sdk/arm-zephyr-eabi/bin/../lib/gcc/../../picolibc/arm-zephyr-eabi/lib/thumb/v7-m/nofp/libc.a(libc_tinystdio_vflprintf.c.o)
                0x000000000000398c                __l_vfprintf
 .text._OffsetAbsSyms
                0x0000000000003e44        0x2 zephyr/CMakeFiles/offsets.dir/./arch/arm/core/offsets/offsets.c.obj
                0x0000000000003e44                _OffsetAbsSyms
 .text.sys_rand32_get
                0x0000000000003e46       0x14 app/libapp.a(utils.c.obj)
 .text.radar_classify_vehicle
                0x0000000000003e5a        0xa app/libapp.a(utils.c.obj)
                0x0000000000003e5a                radar_classify_vehicle
 .text.radar_validate_plate
                0x0000000000003e64       0x52 app/libapp.a(utils.c.obj)
                0x0000000000003e64                radar_validate_plate
 .text.radar_generate_plate
                0x0000000000003eb6       0xc6 app/libapp.a(utils.c.obj)
                0x0000000000003eb6                radar_generate_plate
 .text.chunk_field
                0x0000000000003f7c       0x16 zephyr/libzephyr.a(heap.c.obj)
 .text.chunk_set
                0x0000000000003f92       0x16 zephyr/libzephyr.a(heap.c.obj)
 .text.chunk_size
                0x0000000000003fa8        0xc zephyr/libzephyr.a(heap.c.obj)
 .text.set_chunk_used
                0x0000000000003fb4       0x30 zephyr/libzephyr.a(heap.c.obj)
 .text.set_chunk_size
                0x0000000000003fe4        0x8 zephyr/libzephyr.a(heap.c.obj)
 .text.bucket_idx.isra.0
                0x0000000000003fec       0x1c zephyr/libzephyr.a(heap.c.obj)
 .text.free_list_add
                0x0000000000004008       0x84 zephyr/libzephyr.a(heap.c.obj)
 .text.sys_heap_init
                0x000000000000408c       0xb0 zephyr/libzephyr.a(heap.c.obj)
                0x000000000000408c                sys_heap_init
 .text.cbpprintf_external
                0x000000000000413c       0x62 zephyr/libzephyr.a(cbprintf_packaged.c.obj)
                0x000000000000413c                cbpprintf_external
 .text.is_ptr   0x000000000000419e       0x4a zephyr/libzephyr.a(cbprintf_packaged.c.obj)
                0x000000000000419e                is_ptr
 .text.arch_printk_char_out
                0x00000000000041e8        0x4 zephyr/libzephyr.a(printk.c.obj)
                0x00000000000041e8                arch_printk_char_out
 .text.printk   0x00000000000041ec       0x1a zephyr/libzephyr.a(printk.c.obj)
                0x00000000000041ec                printk
 .text.free_space
                0x0000000000004206       0x26 zephyr/libzephyr.a(mpsc_pbuf.c.obj)
 .text.get_usage
                0x000000000000422c       0x22 zephyr/libzephyr.a(mpsc_pbuf.c.obj)
 .text.idx_inc  0x000000000000424e       0x1c zephyr/libzephyr.a(mpsc_pbuf.c.obj)
 .text.rd_idx_inc
                0x000000000000426a       0x18 zephyr/libzephyr.a(mpsc_pbuf.c.obj)
 .text.add_skip_item
                0x0000000000004282       0x3e zephyr/libzephyr.a(mpsc_pbuf.c.obj)
 .text.drop_item_locked
                0x00000000000042c0      0x100 zephyr/libzephyr.a(mpsc_pbuf.c.obj)
 .text.post_drop_action
                0x00000000000043c0       0x36 zephyr/libzephyr.a(mpsc_pbuf.c.obj)
 .text.max_utilization_update
                0x00000000000043f6       0x1a zephyr/libzephyr.a(mpsc_pbuf.c.obj)
 .text.mpsc_pbuf_init
                0x0000000000004410       0x42 zephyr/libzephyr.a(mpsc_pbuf.c.obj)
                0x0000000000004410                mpsc_pbuf_init
 .text.mpsc_pbuf_alloc
                0x0000000000004452       0xfe zephyr/libzephyr.a(mpsc_pbuf.c.obj)
                0x0000000000004452                mpsc_pbuf_alloc
 .text.mpsc_pbuf_commit
                0x0000000000004550       0x3e zephyr/libzephyr.a(mpsc_pbuf.c.obj)
                0x0000000000004550                mpsc_pbuf_commit
 .text.mpsc_pbuf_claim
                0x000000000000458e       0xa8 zephyr/libzephyr.a(mpsc_pbuf.c.obj)
                0x000000000000458e                mpsc_pbuf_claim
 .text.mpsc_pbuf_free
                0x0000000000004636       0x76 zephyr/libzephyr.a(mpsc_pbuf.c.obj)
                0x0000000000004636                mpsc_pbuf_free
 .text.mpsc_pbuf_is_pending
                0x00000000000046ac       0x32 zephyr/libzephyr.a(mpsc_pbuf.c.obj)
                0x00000000000046ac                mpsc_pbuf_is_pending
 .text._ConfigAbsSyms
                0x00000000000046de        0x2 zephyr/libzephyr.a(configs.c.obj)
                0x00000000000046de                _ConfigAbsSyms
 .text.log_msg_generic_get_wlen
                0x00000000000046e0       0x20 zephyr/libzephyr.a(log_core.c.obj)
 .text.dummy_timestamp
                0x0000000000004700        0x4 zephyr/libzephyr.a(log_core.c.obj)
 .text.atomic_inc
                0x0000000000004704       0x1a zephyr/libzephyr.a(log_core.c.obj)
 .text.default_lf_get_timestamp
                0x000000000000471e        0xc zephyr/libzephyr.a(log_core.c.obj)
 .text.z_log_vprintk
                0x000000000000472a       0x1c zephyr/libzephyr.a(log_core.c.obj)
                0x000000000000472a                z_log_vprintk
 .text.z_log_notify_drop
                0x0000000000004746        0x6 zephyr/libzephyr.a(log_core.c.obj)
 .text.z_log_get_tag
                0x000000000000474c        0x4 zephyr/libzephyr.a(log_core.c.obj)
                0x000000000000474c                z_log_get_tag
 .text.log_backend_enable
                0x0000000000004750       0x12 zephyr/libzephyr.a(log_mgmt.c.obj)
                0x0000000000004750                log_backend_enable
 .text.z_cbprintf_cpy
                0x0000000000004762       0x2e zephyr/libzephyr.a(log_msg.c.obj)
 .text.z_log_msg_finalize
                0x0000000000004790       0x32 zephyr/libzephyr.a(log_msg.c.obj)
                0x0000000000004790                z_log_msg_finalize
 .text.z_log_msg_simple_create
                0x00000000000047c2       0x6e zephyr/libzephyr.a(log_msg.c.obj)
 .text.z_impl_z_log_msg_simple_create_0
                0x0000000000004830       0x12 zephyr/libzephyr.a(log_msg.c.obj)
                0x0000000000004830                z_impl_z_log_msg_simple_create_0
 .text.z_impl_z_log_msg_simple_create_1
                0x0000000000004842       0x14 zephyr/libzephyr.a(log_msg.c.obj)
                0x0000000000004842                z_impl_z_log_msg_simple_create_1
 .text.log_output_write
                0x0000000000004856       0x1c zephyr/libzephyr.a(log_output.c.obj)
 .text.log_output_flush
                0x0000000000004872       0x18 zephyr/libzephyr.a(log_output.c.obj)
 .text.out_func
                0x000000000000488a       0x36 zephyr/libzephyr.a(log_output.c.obj)
 .text.cr_out_func
                0x00000000000048c0       0x1c zephyr/libzephyr.a(log_output.c.obj)
 .text.log_output_msg_process
                0x00000000000048dc       0x6a zephyr/libzephyr.a(log_output.c.obj)
                0x00000000000048dc                log_output_msg_process
 .text.format_set
                0x0000000000004946        0xc zephyr/libzephyr.a(log_backend_uart.c.obj)
 .text.log_backend_uart_init
                0x0000000000004952        0xc zephyr/libzephyr.a(log_backend_uart.c.obj)
 .text.panic    0x000000000000495e       0x32 zephyr/libzephyr.a(log_backend_uart.c.obj)
 .text.dropped  0x0000000000004990        0xa zephyr/libzephyr.a(log_backend_uart.c.obj)
 .text.process  0x000000000000499a       0x1e zephyr/libzephyr.a(log_backend_uart.c.obj)
 .text.z_do_kernel_oops
                0x00000000000049b8        0x8 zephyr/arch/arch/arm/core/libarch__arm__core.a(fatal.c.obj)
                0x00000000000049b8                z_do_kernel_oops
 .text.z_log_msg_simple_create_0.constprop.0
                0x00000000000049c0        0x8 zephyr/arch/arch/arm/core/cortex_m/libarch__arm__core__cortex_m.a(fault.c.obj)
 .text.z_irq_spurious
                0x00000000000049c8        0x8 zephyr/arch/arch/arm/core/cortex_m/libarch__arm__core__cortex_m.a(irq_manage.c.obj)
                0x00000000000049c8                z_irq_spurious
 .text.z_prep_c
                0x00000000000049d0       0x16 zephyr/arch/arch/arm/core/cortex_m/libarch__arm__core__cortex_m.a(prep_c.c.obj)
                0x00000000000049d0                z_prep_c
 .text.arch_irq_unlock_outlined
                0x00000000000049e6        0xe zephyr/arch/arch/arm/core/cortex_m/libarch__arm__core__cortex_m.a(thread.c.obj)
                0x00000000000049e6                arch_irq_unlock_outlined
 .text.arch_cpu_idle
                0x00000000000049f4       0x1a zephyr/arch/arch/arm/core/cortex_m/libarch__arm__core__cortex_m.a(cpu_idle.c.obj)
                0x00000000000049f4                arch_cpu_idle
 .text.size_to_mpu_rasr_size
                0x0000000000004a0e       0x20 zephyr/arch/arch/arm/core/mpu/libarch__arm__core__mpu.a(arm_mpu.c.obj)
 .text.cbputc   0x0000000000004a2e        0xc zephyr/lib/libc/picolibc/liblib__libc__picolibc.a(cbprintf.c.obj)
 .text.picolibc_put
                0x0000000000004a3a        0xa zephyr/lib/libc/picolibc/liblib__libc__picolibc.a(stdio.c.obj)
 .text.zbus_chan_read
                0x0000000000004a44       0x3a zephyr/subsys/zbus/libsubsys__zbus.a(zbus.c.obj)
                0x0000000000004a44                zbus_chan_read
 .text.gpio_cmsdk_ahb_port_get_raw
                0x0000000000004a7e        0xc zephyr/drivers/gpio/libdrivers__gpio.a(gpio_cmsdk_ahb.c.obj)
 .text.gpio_cmsdk_ahb_port_set_masked_raw
                0x0000000000004a8a       0x12 zephyr/drivers/gpio/libdrivers__gpio.a(gpio_cmsdk_ahb.c.obj)
 .text.gpio_cmsdk_ahb_port_set_bits_raw
                0x0000000000004a9c        0xe zephyr/drivers/gpio/libdrivers__gpio.a(gpio_cmsdk_ahb.c.obj)
 .text.gpio_cmsdk_ahb_port_clear_bits_raw
                0x0000000000004aaa       0x10 zephyr/drivers/gpio/libdrivers__gpio.a(gpio_cmsdk_ahb.c.obj)
 .text.gpio_cmsdk_ahb_port_toggle_bits
                0x0000000000004aba        0xe zephyr/drivers/gpio/libdrivers__gpio.a(gpio_cmsdk_ahb.c.obj)
 .text.gpio_cmsdk_ahb_pin_interrupt_configure
                0x0000000000004ac8       0x4a zephyr/drivers/gpio/libdrivers__gpio.a(gpio_cmsdk_ahb.c.obj)
 .text.gpio_cmsdk_ahb_manage_callback
                0x0000000000004b12       0x52 zephyr/drivers/gpio/libdrivers__gpio.a(gpio_cmsdk_ahb.c.obj)
 .text.gpio_cmsdk_ahb_init
                0x0000000000004b64        0xc zephyr/drivers/gpio/libdrivers__gpio.a(gpio_cmsdk_ahb.c.obj)
 .text.gpio_cmsdk_port_0_config_func
                0x0000000000004b70       0x16 zephyr/drivers/gpio/libdrivers__gpio.a(gpio_cmsdk_ahb.c.obj)
 .text.gpio_cmsdk_port_1_config_func
                0x0000000000004b86       0x16 zephyr/drivers/gpio/libdrivers__gpio.a(gpio_cmsdk_ahb.c.obj)
 .text.gpio_cmsdk_port_2_config_func
                0x0000000000004b9c       0x16 zephyr/drivers/gpio/libdrivers__gpio.a(gpio_cmsdk_ahb.c.obj)
 .text.gpio_cmsdk_port_3_config_func
                0x0000000000004bb2       0x16 zephyr/drivers/gpio/libdrivers__gpio.a(gpio_cmsdk_ahb.c.obj)
 .text.gpio_cmsdk_ahb_isr
                0x0000000000004bc8       0x32 zephyr/drivers/gpio/libdrivers__gpio.a(gpio_cmsdk_ahb.c.obj)
 .text.cmsdk_ahb_gpio_config
                0x0000000000004bfa       0x40 zephyr/drivers/gpio/libdrivers__gpio.a(gpio_cmsdk_ahb.c.obj)
                0x0000000000004bfa                cmsdk_ahb_gpio_config
 .text.gpio_cmsdk_ahb_config
                0x0000000000004c3a        0xa zephyr/drivers/gpio/libdrivers__gpio.a(gpio_cmsdk_ahb.c.obj)
 .text.gpio_mmio32_config
                0x0000000000004c44       0x70 zephyr/drivers/gpio/libdrivers__gpio.a(gpio_mmio32.c.obj)
 .text.gpio_mmio32_port_get_raw
                0x0000000000004cb4       0x12 zephyr/drivers/gpio/libdrivers__gpio.a(gpio_mmio32.c.obj)
 .text.gpio_mmio32_port_set_masked_raw
                0x0000000000004cc6       0x2e zephyr/drivers/gpio/libdrivers__gpio.a(gpio_mmio32.c.obj)
 .text.gpio_mmio32_port_set_bits_raw
                0x0000000000004cf4       0x2a zephyr/drivers/gpio/libdrivers__gpio.a(gpio_mmio32.c.obj)
 .text.gpio_mmio32_port_clear_bits_raw
                0x0000000000004d1e       0x2c zephyr/drivers/gpio/libdrivers__gpio.a(gpio_mmio32.c.obj)
 .text.gpio_mmio32_port_toggle_bits
                0x0000000000004d4a       0x2a zephyr/drivers/gpio/libdrivers__gpio.a(gpio_mmio32.c.obj)
 .text.gpio_mmio32_pin_interrupt_configure
                0x0000000000004d74        0x6 zephyr/drivers/gpio/libdrivers__gpio.a(gpio_mmio32.c.obj)
                0x0000000000004d74                gpio_mmio32_pin_interrupt_configure
 .text.gpio_mmio32_init
                0x0000000000004d7a        0xa zephyr/drivers/gpio/libdrivers__gpio.a(gpio_mmio32.c.obj)
                0x0000000000004d7a                gpio_mmio32_init
 .text.pinctrl_lookup_state
                0x0000000000004d84       0x26 zephyr/drivers/pinctrl/libdrivers__pinctrl.a(common.c.obj)
                0x0000000000004d84                pinctrl_lookup_state
 .text.uart_cmsdk_apb_poll_in
                0x0000000000004daa       0x16 zephyr/drivers/serial/libdrivers__serial.a(uart_cmsdk_apb.c.obj)
 .text.uart_cmsdk_apb_poll_out
                0x0000000000004dc0        0xe zephyr/drivers/serial/libdrivers__serial.a(uart_cmsdk_apb.c.obj)
 .text.uart_cmsdk_apb_fifo_fill
                0x0000000000004dce       0x20 zephyr/drivers/serial/libdrivers__serial.a(uart_cmsdk_apb.c.obj)
 .text.uart_cmsdk_apb_fifo_read
                0x0000000000004dee       0x20 zephyr/drivers/serial/libdrivers__serial.a(uart_cmsdk_apb.c.obj)
 .text.uart_cmsdk_apb_irq_tx_disable
                0x0000000000004e0e       0x14 zephyr/drivers/serial/libdrivers__serial.a(uart_cmsdk_apb.c.obj)
 .text.uart_cmsdk_apb_irq_tx_ready
                0x0000000000004e22        0xe zephyr/drivers/serial/libdrivers__serial.a(uart_cmsdk_apb.c.obj)
 .text.uart_cmsdk_apb_irq_rx_enable
                0x0000000000004e30        0xe zephyr/drivers/serial/libdrivers__serial.a(uart_cmsdk_apb.c.obj)
 .text.uart_cmsdk_apb_irq_rx_disable
                0x0000000000004e3e       0x14 zephyr/drivers/serial/libdrivers__serial.a(uart_cmsdk_apb.c.obj)
 .text.uart_cmsdk_apb_irq_tx_complete
                0x0000000000004e52        0x4 zephyr/drivers/serial/libdrivers__serial.a(uart_cmsdk_apb.c.obj)
 .text.uart_cmsdk_apb_irq_rx_ready
                0x0000000000004e56        0xc zephyr/drivers/serial/libdrivers__serial.a(uart_cmsdk_apb.c.obj)
 .text.uart_cmsdk_apb_irq_err_enable
                0x0000000000004e62        0x2 zephyr/drivers/serial/libdrivers__serial.a(uart_cmsdk_apb.c.obj)
 .text.uart_cmsdk_apb_irq_is_pending
                0x0000000000004e64       0x1c zephyr/drivers/serial/libdrivers__serial.a(uart_cmsdk_apb.c.obj)
 .text.uart_cmsdk_apb_irq_update
                0x0000000000004e80        0x4 zephyr/drivers/serial/libdrivers__serial.a(uart_cmsdk_apb.c.obj)
 .text.uart_cmsdk_apb_irq_callback_set
                0x0000000000004e84        0x8 zephyr/drivers/serial/libdrivers__serial.a(uart_cmsdk_apb.c.obj)
 .text.uart_cmsdk_apb_isr
                0x0000000000004e8c        0xc zephyr/drivers/serial/libdrivers__serial.a(uart_cmsdk_apb.c.obj)
 .text.uart_cmsdk_apb_irq_tx_enable
                0x0000000000004e98       0x2a zephyr/drivers/serial/libdrivers__serial.a(uart_cmsdk_apb.c.obj)
 .text.uart_cmsdk_apb_irq_config_func_0
                0x0000000000004ec2       0x26 zephyr/drivers/serial/libdrivers__serial.a(uart_cmsdk_apb.c.obj)
 .text.uart_cmsdk_apb_irq_config_func_1
                0x0000000000004ee8       0x26 zephyr/drivers/serial/libdrivers__serial.a(uart_cmsdk_apb.c.obj)
 .text.uart_cmsdk_apb_irq_config_func_2
                0x0000000000004f0e       0x26 zephyr/drivers/serial/libdrivers__serial.a(uart_cmsdk_apb.c.obj)
 .text.uart_cmsdk_apb_init
                0x0000000000004f34       0x4a zephyr/drivers/serial/libdrivers__serial.a(uart_cmsdk_apb.c.obj)
 .text.uart_cmsdk_apb_irq_err_disable
                0x0000000000004f7e        0x2 zephyr/drivers/serial/libdrivers__serial.a(uart_cmsdk_apb.c.obj)
 .text.z_device_state_init
                0x0000000000004f80        0x2 zephyr/kernel/libkernel.a(device.c.obj)
                0x0000000000004f80                z_device_state_init
 .text.z_impl_device_is_ready
                0x0000000000004f82       0x16 zephyr/kernel/libkernel.a(device.c.obj)
                0x0000000000004f82                z_impl_device_is_ready
 .text.arch_system_halt
                0x0000000000004f98       0x10 zephyr/kernel/libkernel.a(fatal.c.obj)
                0x0000000000004f98                arch_system_halt
 .text.do_device_init
                0x0000000000004fa8       0x2e zephyr/kernel/libkernel.a(init.c.obj)
 .text.z_early_memset
                0x0000000000004fd6        0x4 zephyr/kernel/libkernel.a(init.c.obj)
                0x0000000000004fd6                z_early_memset
 .text.z_early_memcpy
                0x0000000000004fda        0x4 zephyr/kernel/libkernel.a(init.c.obj)
                0x0000000000004fda                z_early_memcpy
 .text.idle     0x0000000000004fde       0x16 zephyr/kernel/libkernel.a(idle.c.obj)
                0x0000000000004fde                idle
 .text.unpend_thread_no_timeout
                0x0000000000004ff4       0x1a zephyr/kernel/libkernel.a(msg_q.c.obj)
 .text.z_impl_k_sem_init
                0x000000000000500e       0x18 zephyr/kernel/libkernel.a(sem.c.obj)
                0x000000000000500e                z_impl_k_sem_init
 .text.k_is_in_isr
                0x0000000000005026        0xc zephyr/kernel/libkernel.a(thread.c.obj)
                0x0000000000005026                k_is_in_isr
 .text.z_impl_k_thread_priority_get
                0x0000000000005032        0x6 zephyr/kernel/libkernel.a(thread.c.obj)
                0x0000000000005032                z_impl_k_thread_priority_get
 .text.z_impl_k_thread_name_set
                0x0000000000005038        0x6 zephyr/kernel/libkernel.a(thread.c.obj)
                0x0000000000005038                z_impl_k_thread_name_set
 .text.k_thread_name_get
                0x000000000000503e        0x4 zephyr/kernel/libkernel.a(thread.c.obj)
                0x000000000000503e                k_thread_name_get
 .text.sys_dlist_remove
                0x0000000000005042       0x10 zephyr/kernel/libkernel.a(sched.c.obj)
 .text.unpend_thread_no_timeout
                0x0000000000005052       0x14 zephyr/kernel/libkernel.a(sched.c.obj)
 .text.add_to_waitq_locked
                0x0000000000005066       0x50 zephyr/kernel/libkernel.a(sched.c.obj)
 .text.z_ready_thread
                0x00000000000050b6       0x1e zephyr/kernel/libkernel.a(sched.c.obj)
                0x00000000000050b6                z_ready_thread
 .text.z_unpend_thread_no_timeout
                0x00000000000050d4       0x22 zephyr/kernel/libkernel.a(sched.c.obj)
                0x00000000000050d4                z_unpend_thread_no_timeout
 .text.z_sched_wake_thread
                0x00000000000050f6       0x3a zephyr/kernel/libkernel.a(sched.c.obj)
                0x00000000000050f6                z_sched_wake_thread
 .text.z_thread_timeout
                0x0000000000005130        0x8 zephyr/kernel/libkernel.a(sched.c.obj)
                0x0000000000005130                z_thread_timeout
 .text.z_unpend1_no_timeout
                0x0000000000005138       0x2c zephyr/kernel/libkernel.a(sched.c.obj)
                0x0000000000005138                z_unpend1_no_timeout
 .text.z_impl_k_sleep
                0x0000000000005164       0x3a zephyr/kernel/libkernel.a(sched.c.obj)
                0x0000000000005164                z_impl_k_sleep
 .text.next_timeout
                0x000000000000519e       0x2e zephyr/kernel/libkernel.a(timeout.c.obj)
 .text.z_abort_timeout
                0x00000000000051cc       0x50 zephyr/kernel/libkernel.a(timeout.c.obj)
                0x00000000000051cc                z_abort_timeout
 .text.sys_clock_tick_get_32
                0x000000000000521c        0x8 zephyr/kernel/libkernel.a(timeout.c.obj)
                0x000000000000521c                sys_clock_tick_get_32
 .text.z_impl_k_uptime_ticks
                0x0000000000005224        0x4 zephyr/kernel/libkernel.a(timeout.c.obj)
                0x0000000000005224                z_impl_k_uptime_ticks
 .text.sys_timepoint_calc
                0x0000000000005228       0x4a zephyr/kernel/libkernel.a(timeout.c.obj)
                0x0000000000005228                sys_timepoint_calc
 .text.sys_timepoint_timeout
                0x0000000000005272       0x42 zephyr/kernel/libkernel.a(timeout.c.obj)
                0x0000000000005272                sys_timepoint_timeout
 .text.k_timer_init
                0x00000000000052b4       0x18 zephyr/kernel/libkernel.a(timer.c.obj)
                0x00000000000052b4                k_timer_init
 .text.z_impl_k_timer_stop
                0x00000000000052cc       0x38 zephyr/kernel/libkernel.a(timer.c.obj)
                0x00000000000052cc                z_impl_k_timer_stop
 .text.k_heap_init
                0x0000000000005304       0x10 zephyr/kernel/libkernel.a(kheap.c.obj)
                0x0000000000005304                k_heap_init
 .text.strncpy  0x0000000000005314       0x20 /home/mariaantonia/zephyr-sdk/arm-zephyr-eabi/bin/../lib/gcc/../../picolibc/arm-zephyr-eabi/lib/thumb/v7-m/nofp/libc.a(libc_string_strncpy.c.o)
                0x0000000000005314                strncpy
 .text.strnlen  0x0000000000005334       0x18 /home/mariaantonia/zephyr-sdk/arm-zephyr-eabi/bin/../lib/gcc/../../picolibc/arm-zephyr-eabi/lib/thumb/v7-m/nofp/libc.a(libc_string_strnlen.c.o)
                0x0000000000005334                strnlen
 .text.__ultoa_invert
                0x000000000000534c       0xae /home/mariaantonia/zephyr-sdk/arm-zephyr-eabi/bin/../lib/gcc/../../picolibc/arm-zephyr-eabi/lib/thumb/v7-m/nofp/libc.a(libc_tinystdio_vflprintf.c.o)
 .text.memcpy   0x00000000000053fa       0x1c /home/mariaantonia/zephyr-sdk/arm-zephyr-eabi/bin/../lib/gcc/../../picolibc/arm-zephyr-eabi/lib/thumb/v7-m/nofp/libc.a(memcpy.c.o)
                0x00000000000053fa                memcpy
                0x00000000000053fa                __aeabi_memcpy
                0x00000000000053fa                __aeabi_memcpy4
                0x00000000000053fa                __aeabi_memcpy8
 .text.memset   0x0000000000005416       0x10 /home/mariaantonia/zephyr-sdk/arm-zephyr-eabi/bin/../lib/gcc/../../picolibc/arm-zephyr-eabi/lib/thumb/v7-m/nofp/libc.a(memset.c.o)
                0x0000000000005416                memset
 .text.__file_str_put
                0x0000000000005426       0x10 /home/mariaantonia/zephyr-sdk/arm-zephyr-eabi/bin/../lib/gcc/../../picolibc/arm-zephyr-eabi/lib/thumb/v7-m/nofp/libc.a(libc_tinystdio_filestrput.c.o)
                0x0000000000005426                __file_str_put
 *(SORT_BY_ALIGNMENT(.TEXT.*))
 *fill*         0x0000000000005436        0x2 
 .TEXT.__aeabi_read_tp
                0x0000000000005438        0xc zephyr/arch/arch/arm/core/cortex_m/libarch__arm__core__cortex_m.a(__aeabi_read_tp.S.obj)
                0x0000000000005438                __aeabi_read_tp
 *(SORT_BY_ALIGNMENT(.gnu.linkonce.t.*))
 *(SORT_BY_ALIGNMENT(.glue_7t))
 .glue_7t       0x0000000000005444        0x0 linker stubs
 *(SORT_BY_ALIGNMENT(.glue_7))
 .glue_7        0x0000000000005444        0x0 linker stubs
 *(SORT_BY_ALIGNMENT(.vfp11_veneer))
 .vfp11_veneer  0x0000000000005444        0x0 linker stubs
 *(SORT_BY_ALIGNMENT(.v4_bx))
 .v4_bx         0x0000000000005444        0x0 linker stubs
                0x0000000000005444                . = ALIGN (0x4)
                0x0000000000005444                __text_region_end = .

.ARM.exidx      0x0000000000005444        0x8
                0x0000000000005444                __exidx_start = .
 *(SORT_BY_ALIGNMENT(.ARM.exidx*) SORT_BY_ALIGNMENT(gnu.linkonce.armexidx.*))
 .ARM.exidx     0x0000000000005444        0x8 /home/mariaantonia/zephyr-sdk/arm-zephyr-eabi/bin/../lib/gcc/../../picolibc/arm-zephyr-eabi/lib/thumb/v7-m/nofp/libc.a(strlen.S.o)
                0x000000000000544c                __exidx_end = .
                0x000000000000544c                __rodata_region_start = .

initlevel       0x000000000000544c       0x80
                0x000000000000544c                __init_start = .
                0x000000000000544c                __init_EARLY_start = .
 *(SORT_BY_NAME(SORT_BY_ALIGNMENT(.z_init_EARLY_P_?_*)))
 *(SORT_BY_NAME(SORT_BY_ALIGNMENT(.z_init_EARLY_P_??_*)))
 *(SORT_BY_NAME(SORT_BY_ALIGNMENT(.z_init_EARLY_P_???_*)))
                0x000000000000544c                __init_PRE_KERNEL_1_start = .
 *(SORT_BY_NAME(SORT_BY_ALIGNMENT(.z_init_PRE_KERNEL_1_P_?_*)))
 *(SORT_BY_NAME(SORT_BY_ALIGNMENT(.z_init_PRE_KERNEL_1_P_??_*)))
 .z_init_PRE_KERNEL_1_P_30_SUB_0_
                0x000000000000544c        0x8 zephyr/kernel/libkernel.a(kheap.c.obj)
 .z_init_PRE_KERNEL_1_P_40_SUB_00028_
                0x0000000000005454        0x8 zephyr/drivers/gpio/libdrivers__gpio.a(gpio_cmsdk_ahb.c.obj)
 .z_init_PRE_KERNEL_1_P_40_SUB_00029_
                0x000000000000545c        0x8 zephyr/drivers/gpio/libdrivers__gpio.a(gpio_cmsdk_ahb.c.obj)
 .z_init_PRE_KERNEL_1_P_40_SUB_00030_
                0x0000000000005464        0x8 zephyr/drivers/gpio/libdrivers__gpio.a(gpio_cmsdk_ahb.c.obj)
 .z_init_PRE_KERNEL_1_P_40_SUB_00031_
                0x000000000000546c        0x8 zephyr/drivers/gpio/libdrivers__gpio.a(gpio_cmsdk_ahb.c.obj)
 .z_init_PRE_KERNEL_1_P_50_SUB_00008_
                0x0000000000005474        0x8 zephyr/drivers/gpio/libdrivers__gpio.a(gpio_mmio32.c.obj)
 .z_init_PRE_KERNEL_1_P_50_SUB_00012_
                0x000000000000547c        0x8 zephyr/drivers/gpio/libdrivers__gpio.a(gpio_mmio32.c.obj)
 .z_init_PRE_KERNEL_1_P_50_SUB_00036_
                0x0000000000005484        0x8 zephyr/drivers/gpio/libdrivers__gpio.a(gpio_mmio32.c.obj)
 .z_init_PRE_KERNEL_1_P_50_SUB_00041_
                0x000000000000548c        0x8 zephyr/drivers/serial/libdrivers__serial.a(uart_cmsdk_apb.c.obj)
 .z_init_PRE_KERNEL_1_P_50_SUB_00042_
                0x0000000000005494        0x8 zephyr/drivers/serial/libdrivers__serial.a(uart_cmsdk_apb.c.obj)
 .z_init_PRE_KERNEL_1_P_50_SUB_00043_
                0x000000000000549c        0x8 zephyr/drivers/serial/libdrivers__serial.a(uart_cmsdk_apb.c.obj)
 .z_init_PRE_KERNEL_1_P_60_SUB_0_
                0x00000000000054a4        0x8 zephyr/drivers/console/libdrivers__console.a(uart_console.c.obj)
 *(SORT_BY_NAME(SORT_BY_ALIGNMENT(.z_init_PRE_KERNEL_1_P_???_*)))
                0x00000000000054ac                __init_PRE_KERNEL_2_start = .
 *(SORT_BY_NAME(SORT_BY_ALIGNMENT(.z_init_PRE_KERNEL_2_P_?_*)))
 .z_init_PRE_KERNEL_2_P_0_SUB_0_
                0x00000000000054ac        0x8 zephyr/drivers/timer/libdrivers__timer.a(cortex_m_systick.c.obj)
 *(SORT_BY_NAME(SORT_BY_ALIGNMENT(.z_init_PRE_KERNEL_2_P_??_*)))
 *(SORT_BY_NAME(SORT_BY_ALIGNMENT(.z_init_PRE_KERNEL_2_P_???_*)))
                0x00000000000054b4                __init_POST_KERNEL_start = .
 *(SORT_BY_NAME(SORT_BY_ALIGNMENT(.z_init_POST_KERNEL_P_?_*)))
 .z_init_POST_KERNEL_P_0_SUB_0_
                0x00000000000054b4        0x8 zephyr/libzephyr.a(log_core.c.obj)
 *(SORT_BY_NAME(SORT_BY_ALIGNMENT(.z_init_POST_KERNEL_P_??_*)))
 .z_init_POST_KERNEL_P_35_SUB_0_
                0x00000000000054bc        0x8 zephyr/lib/libc/common/liblib__libc__common.a(malloc.c.obj)
 *(SORT_BY_NAME(SORT_BY_ALIGNMENT(.z_init_POST_KERNEL_P_???_*)))
                0x00000000000054c4                __init_APPLICATION_start = .
 *(SORT_BY_NAME(SORT_BY_ALIGNMENT(.z_init_APPLICATION_P_?_*)))
 .z_init_APPLICATION_P_5_SUB_0_
                0x00000000000054c4        0x8 zephyr/subsys/zbus/libsubsys__zbus.a(zbus.c.obj)
 *(SORT_BY_NAME(SORT_BY_ALIGNMENT(.z_init_APPLICATION_P_??_*)))
 *(SORT_BY_NAME(SORT_BY_ALIGNMENT(.z_init_APPLICATION_P_???_*)))
                0x00000000000054cc                __init_SMP_start = .
 *(SORT_BY_NAME(SORT_BY_ALIGNMENT(.z_init_SMP_P_?_*)))
 *(SORT_BY_NAME(SORT_BY_ALIGNMENT(.z_init_SMP_P_??_*)))
 *(SORT_BY_NAME(SORT_BY_ALIGNMENT(.z_init_SMP_P_???_*)))
                0x00000000000054cc                __init_end = .

device_area     0x00000000000054cc      0x140
                0x00000000000054cc                _device_list_start = .
 *(SORT_BY_NAME(SORT_BY_ALIGNMENT(._device.static.*_?_*)))
 *(SORT_BY_NAME(SORT_BY_ALIGNMENT(._device.static.*_??_*)))
 ._device.static.1_40_
                0x00000000000054cc       0x80 zephyr/drivers/gpio/libdrivers__gpio.a(gpio_cmsdk_ahb.c.obj)
                0x00000000000054cc                __device_dts_ord_31
                0x00000000000054ec                __device_dts_ord_30
                0x000000000000550c                __device_dts_ord_29
                0x000000000000552c                __device_dts_ord_28
 ._device.static.1_50_
                0x000000000000554c       0x60 zephyr/drivers/gpio/libdrivers__gpio.a(gpio_mmio32.c.obj)
                0x000000000000554c                __device_dts_ord_36
                0x000000000000556c                __device_dts_ord_8
                0x000000000000558c                __device_dts_ord_12
 ._device.static.1_50_
                0x00000000000055ac       0x60 zephyr/drivers/serial/libdrivers__serial.a(uart_cmsdk_apb.c.obj)
                0x00000000000055ac                __device_dts_ord_43
                0x00000000000055cc                __device_dts_ord_42
                0x00000000000055ec                __device_dts_ord_41
 *(SORT_BY_NAME(SORT_BY_ALIGNMENT(._device.static.*_???_*)))
 *(SORT_BY_NAME(SORT_BY_ALIGNMENT(._device.static.*_????_*)))
 *(SORT_BY_NAME(SORT_BY_ALIGNMENT(._device.static.*_?????_*)))
                0x000000000000560c                _device_list_end = .

sw_isr_table    0x000000000000560c      0x100
                0x000000000000560c                . = ALIGN (0x4)
 *(SORT_BY_ALIGNMENT(.gnu.linkonce.sw_isr_table*))
 .gnu.linkonce.sw_isr_table
                0x000000000000560c      0x100 zephyr/CMakeFiles/zephyr_final.dir/isr_tables.c.obj
                0x000000000000560c                _sw_isr_table

initlevel_error
                0x000000000000544c        0x0
 *(SORT_BY_NAME(SORT_BY_ALIGNMENT(.z_init_*)))
                0x0000000000000001                ASSERT ((SIZEOF (initlevel_error) == 0x0), Undefined initialization levels used.)

app_shmem_regions
                0x000000000000570c        0x0
                0x000000000000570c                __app_shmem_regions_start = .
 *(SORT_BY_NAME(SORT_BY_ALIGNMENT(.app_regions.*)))
                0x000000000000570c                __app_shmem_regions_end = .

k_p4wq_initparam_area
                0x000000000000570c        0x0
                0x000000000000570c                _k_p4wq_initparam_list_start = .
 *(SORT_BY_NAME(SORT_BY_ALIGNMENT(._k_p4wq_initparam.static.*)))
                0x000000000000570c                _k_p4wq_initparam_list_end = .

_static_thread_data_area
                0x000000000000570c        0x0
                0x000000000000570c                __static_thread_data_list_start = .
 *(SORT_BY_NAME(SORT_BY_ALIGNMENT(.__static_thread_data.static.*)))
                0x000000000000570c                __static_thread_data_list_end = .

device_deps     0x000000000000570c        0x0
                0x000000000000570c                __device_deps_start = .
 *(SORT_BY_NAME(SORT_BY_ALIGNMENT(.__device_deps_pass2*)))
                0x000000000000570c                __device_deps_end = .

gpio_driver_api_area
                0x000000000000570c       0x48
                0x000000000000570c                _gpio_driver_api_list_start = .
 *(SORT_BY_NAME(SORT_BY_ALIGNMENT(._gpio_driver_api.static.*)))
 ._gpio_driver_api.static.gpio_cmsdk_ahb_drv_api_funcs_
                0x000000000000570c       0x24 zephyr/drivers/gpio/libdrivers__gpio.a(gpio_cmsdk_ahb.c.obj)
 ._gpio_driver_api.static.gpio_mmio32_api_
                0x0000000000005730       0x24 zephyr/drivers/gpio/libdrivers__gpio.a(gpio_mmio32.c.obj)
                0x0000000000005730                gpio_mmio32_api
                0x0000000000005754                _gpio_driver_api_list_end = .

shared_irq_driver_api_area
                0x0000000000005754        0x0
                0x0000000000005754                _shared_irq_driver_api_list_start = .
 *(SORT_BY_NAME(SORT_BY_ALIGNMENT(._shared_irq_driver_api.static.*)))
                0x0000000000005754                _shared_irq_driver_api_list_end = .

crypto_driver_api_area
                0x0000000000005754        0x0
                0x0000000000005754                _crypto_driver_api_list_start = .
 *(SORT_BY_NAME(SORT_BY_ALIGNMENT(._crypto_driver_api.static.*)))
                0x0000000000005754                _crypto_driver_api_list_end = .

adc_driver_api_area
                0x0000000000005754        0x0
                0x0000000000005754                _adc_driver_api_list_start = .
 *(SORT_BY_NAME(SORT_BY_ALIGNMENT(._adc_driver_api.static.*)))
                0x0000000000005754                _adc_driver_api_list_end = .

auxdisplay_driver_api_area
                0x0000000000005754        0x0
                0x0000000000005754                _auxdisplay_driver_api_list_start = .
 *(SORT_BY_NAME(SORT_BY_ALIGNMENT(._auxdisplay_driver_api.static.*)))
                0x0000000000005754                _auxdisplay_driver_api_list_end = .

bbram_driver_api_area
                0x0000000000005754        0x0
                0x0000000000005754                _bbram_driver_api_list_start = .
 *(SORT_BY_NAME(SORT_BY_ALIGNMENT(._bbram_driver_api.static.*)))
                0x0000000000005754                _bbram_driver_api_list_end = .

bt_hci_driver_api_area
                0x0000000000005754        0x0
                0x0000000000005754                _bt_hci_driver_api_list_start = .
 *(SORT_BY_NAME(SORT_BY_ALIGNMENT(._bt_hci_driver_api.static.*)))
                0x0000000000005754                _bt_hci_driver_api_list_end = .

can_driver_api_area
                0x0000000000005754        0x0
                0x0000000000005754                _can_driver_api_list_start = .
 *(SORT_BY_NAME(SORT_BY_ALIGNMENT(._can_driver_api.static.*)))
                0x0000000000005754                _can_driver_api_list_end = .

cellular_driver_api_area
                0x0000000000005754        0x0
                0x0000000000005754                _cellular_driver_api_list_start = .
 *(SORT_BY_NAME(SORT_BY_ALIGNMENT(._cellular_driver_api.static.*)))
                0x0000000000005754                _cellular_driver_api_list_end = .

charger_driver_api_area
                0x0000000000005754        0x0
                0x0000000000005754                _charger_driver_api_list_start = .
 *(SORT_BY_NAME(SORT_BY_ALIGNMENT(._charger_driver_api.static.*)))
                0x0000000000005754                _charger_driver_api_list_end = .

clock_control_driver_api_area
                0x0000000000005754        0x0
                0x0000000000005754                _clock_control_driver_api_list_start = .
 *(SORT_BY_NAME(SORT_BY_ALIGNMENT(._clock_control_driver_api.static.*)))
                0x0000000000005754                _clock_control_driver_api_list_end = .

comparator_driver_api_area
                0x0000000000005754        0x0
                0x0000000000005754                _comparator_driver_api_list_start = .
 *(SORT_BY_NAME(SORT_BY_ALIGNMENT(._comparator_driver_api.static.*)))
                0x0000000000005754                _comparator_driver_api_list_end = .

coredump_driver_api_area
                0x0000000000005754        0x0
                0x0000000000005754                _coredump_driver_api_list_start = .
 *(SORT_BY_NAME(SORT_BY_ALIGNMENT(._coredump_driver_api.static.*)))
                0x0000000000005754                _coredump_driver_api_list_end = .

counter_driver_api_area
                0x0000000000005754        0x0
                0x0000000000005754                _counter_driver_api_list_start = .
 *(SORT_BY_NAME(SORT_BY_ALIGNMENT(._counter_driver_api.static.*)))
                0x0000000000005754                _counter_driver_api_list_end = .

dac_driver_api_area
                0x0000000000005754        0x0
                0x0000000000005754                _dac_driver_api_list_start = .
 *(SORT_BY_NAME(SORT_BY_ALIGNMENT(._dac_driver_api.static.*)))
                0x0000000000005754                _dac_driver_api_list_end = .

dai_driver_api_area
                0x0000000000005754        0x0
                0x0000000000005754                _dai_driver_api_list_start = .
 *(SORT_BY_NAME(SORT_BY_ALIGNMENT(._dai_driver_api.static.*)))
                0x0000000000005754                _dai_driver_api_list_end = .

display_driver_api_area
                0x0000000000005754        0x0
                0x0000000000005754                _display_driver_api_list_start = .
 *(SORT_BY_NAME(SORT_BY_ALIGNMENT(._display_driver_api.static.*)))
                0x0000000000005754                _display_driver_api_list_end = .

dma_driver_api_area
                0x0000000000005754        0x0
                0x0000000000005754                _dma_driver_api_list_start = .
 *(SORT_BY_NAME(SORT_BY_ALIGNMENT(._dma_driver_api.static.*)))
                0x0000000000005754                _dma_driver_api_list_end = .

edac_driver_api_area
                0x0000000000005754        0x0
                0x0000000000005754                _edac_driver_api_list_start = .
 *(SORT_BY_NAME(SORT_BY_ALIGNMENT(._edac_driver_api.static.*)))
                0x0000000000005754                _edac_driver_api_list_end = .

eeprom_driver_api_area
                0x0000000000005754        0x0
                0x0000000000005754                _eeprom_driver_api_list_start = .
 *(SORT_BY_NAME(SORT_BY_ALIGNMENT(._eeprom_driver_api.static.*)))
                0x0000000000005754                _eeprom_driver_api_list_end = .

emul_bbram_driver_api_area
                0x0000000000005754        0x0
                0x0000000000005754                _emul_bbram_driver_api_list_start = .
 *(SORT_BY_NAME(SORT_BY_ALIGNMENT(._emul_bbram_driver_api.static.*)))
                0x0000000000005754                _emul_bbram_driver_api_list_end = .

fuel_gauge_emul_driver_api_area
                0x0000000000005754        0x0
                0x0000000000005754                _fuel_gauge_emul_driver_api_list_start = .
 *(SORT_BY_NAME(SORT_BY_ALIGNMENT(._fuel_gauge_emul_driver_api.static.*)))
                0x0000000000005754                _fuel_gauge_emul_driver_api_list_end = .

emul_sensor_driver_api_area
                0x0000000000005754        0x0
                0x0000000000005754                _emul_sensor_driver_api_list_start = .
 *(SORT_BY_NAME(SORT_BY_ALIGNMENT(._emul_sensor_driver_api.static.*)))
                0x0000000000005754                _emul_sensor_driver_api_list_end = .

entropy_driver_api_area
                0x0000000000005754        0x0
                0x0000000000005754                _entropy_driver_api_list_start = .
 *(SORT_BY_NAME(SORT_BY_ALIGNMENT(._entropy_driver_api.static.*)))
                0x0000000000005754                _entropy_driver_api_list_end = .

espi_driver_api_area
                0x0000000000005754        0x0
                0x0000000000005754                _espi_driver_api_list_start = .
 *(SORT_BY_NAME(SORT_BY_ALIGNMENT(._espi_driver_api.static.*)))
                0x0000000000005754                _espi_driver_api_list_end = .

espi_saf_driver_api_area
                0x0000000000005754        0x0
                0x0000000000005754                _espi_saf_driver_api_list_start = .
 *(SORT_BY_NAME(SORT_BY_ALIGNMENT(._espi_saf_driver_api.static.*)))
                0x0000000000005754                _espi_saf_driver_api_list_end = .

flash_driver_api_area
                0x0000000000005754        0x0
                0x0000000000005754                _flash_driver_api_list_start = .
 *(SORT_BY_NAME(SORT_BY_ALIGNMENT(._flash_driver_api.static.*)))
                0x0000000000005754                _flash_driver_api_list_end = .

fpga_driver_api_area
                0x0000000000005754        0x0
                0x0000000000005754                _fpga_driver_api_list_start = .
 *(SORT_BY_NAME(SORT_BY_ALIGNMENT(._fpga_driver_api.static.*)))
                0x0000000000005754                _fpga_driver_api_list_end = .

fuel_gauge_driver_api_area
                0x0000000000005754        0x0
                0x0000000000005754                _fuel_gauge_driver_api_list_start = .
 *(SORT_BY_NAME(SORT_BY_ALIGNMENT(._fuel_gauge_driver_api.static.*)))
                0x0000000000005754                _fuel_gauge_driver_api_list_end = .

gnss_driver_api_area
                0x0000000000005754        0x0
                0x0000000000005754                _gnss_driver_api_list_start = .
 *(SORT_BY_NAME(SORT_BY_ALIGNMENT(._gnss_driver_api.static.*)))
                0x0000000000005754                _gnss_driver_api_list_end = .

haptics_driver_api_area
                0x0000000000005754        0x0
                0x0000000000005754                _haptics_driver_api_list_start = .
 *(SORT_BY_NAME(SORT_BY_ALIGNMENT(._haptics_driver_api.static.*)))
                0x0000000000005754                _haptics_driver_api_list_end = .

hwspinlock_driver_api_area
                0x0000000000005754        0x0
                0x0000000000005754                _hwspinlock_driver_api_list_start = .
 *(SORT_BY_NAME(SORT_BY_ALIGNMENT(._hwspinlock_driver_api.static.*)))
                0x0000000000005754                _hwspinlock_driver_api_list_end = .

i2c_driver_api_area
                0x0000000000005754        0x0
                0x0000000000005754                _i2c_driver_api_list_start = .
 *(SORT_BY_NAME(SORT_BY_ALIGNMENT(._i2c_driver_api.static.*)))
                0x0000000000005754                _i2c_driver_api_list_end = .

i2c_target_driver_api_area
                0x0000000000005754        0x0
                0x0000000000005754                _i2c_target_driver_api_list_start = .
 *(SORT_BY_NAME(SORT_BY_ALIGNMENT(._i2c_target_driver_api.static.*)))
                0x0000000000005754                _i2c_target_driver_api_list_end = .

i2s_driver_api_area
                0x0000000000005754        0x0
                0x0000000000005754                _i2s_driver_api_list_start = .
 *(SORT_BY_NAME(SORT_BY_ALIGNMENT(._i2s_driver_api.static.*)))
                0x0000000000005754                _i2s_driver_api_list_end = .

i3c_driver_api_area
                0x0000000000005754        0x0
                0x0000000000005754                _i3c_driver_api_list_start = .
 *(SORT_BY_NAME(SORT_BY_ALIGNMENT(._i3c_driver_api.static.*)))
                0x0000000000005754                _i3c_driver_api_list_end = .

ipm_driver_api_area
                0x0000000000005754        0x0
                0x0000000000005754                _ipm_driver_api_list_start = .
 *(SORT_BY_NAME(SORT_BY_ALIGNMENT(._ipm_driver_api.static.*)))
                0x0000000000005754                _ipm_driver_api_list_end = .

led_driver_api_area
                0x0000000000005754        0x0
                0x0000000000005754                _led_driver_api_list_start = .
 *(SORT_BY_NAME(SORT_BY_ALIGNMENT(._led_driver_api.static.*)))
                0x0000000000005754                _led_driver_api_list_end = .

led_strip_driver_api_area
                0x0000000000005754        0x0
                0x0000000000005754                _led_strip_driver_api_list_start = .
 *(SORT_BY_NAME(SORT_BY_ALIGNMENT(._led_strip_driver_api.static.*)))
                0x0000000000005754                _led_strip_driver_api_list_end = .

lora_driver_api_area
                0x0000000000005754        0x0
                0x0000000000005754                _lora_driver_api_list_start = .
 *(SORT_BY_NAME(SORT_BY_ALIGNMENT(._lora_driver_api.static.*)))
                0x0000000000005754                _lora_driver_api_list_end = .

mbox_driver_api_area
                0x0000000000005754        0x0
                0x0000000000005754                _mbox_driver_api_list_start = .
 *(SORT_BY_NAME(SORT_BY_ALIGNMENT(._mbox_driver_api.static.*)))
                0x0000000000005754                _mbox_driver_api_list_end = .

mdio_driver_api_area
                0x0000000000005754        0x0
                0x0000000000005754                _mdio_driver_api_list_start = .
 *(SORT_BY_NAME(SORT_BY_ALIGNMENT(._mdio_driver_api.static.*)))
                0x0000000000005754                _mdio_driver_api_list_end = .

mipi_dbi_driver_api_area
                0x0000000000005754        0x0
                0x0000000000005754                _mipi_dbi_driver_api_list_start = .
 *(SORT_BY_NAME(SORT_BY_ALIGNMENT(._mipi_dbi_driver_api.static.*)))
                0x0000000000005754                _mipi_dbi_driver_api_list_end = .

mipi_dsi_driver_api_area
                0x0000000000005754        0x0
                0x0000000000005754                _mipi_dsi_driver_api_list_start = .
 *(SORT_BY_NAME(SORT_BY_ALIGNMENT(._mipi_dsi_driver_api.static.*)))
                0x0000000000005754                _mipi_dsi_driver_api_list_end = .

mspi_driver_api_area
                0x0000000000005754        0x0
                0x0000000000005754                _mspi_driver_api_list_start = .
 *(SORT_BY_NAME(SORT_BY_ALIGNMENT(._mspi_driver_api.static.*)))
                0x0000000000005754                _mspi_driver_api_list_end = .

peci_driver_api_area
                0x0000000000005754        0x0
                0x0000000000005754                _peci_driver_api_list_start = .
 *(SORT_BY_NAME(SORT_BY_ALIGNMENT(._peci_driver_api.static.*)))
                0x0000000000005754                _peci_driver_api_list_end = .

ps2_driver_api_area
                0x0000000000005754        0x0
                0x0000000000005754                _ps2_driver_api_list_start = .
 *(SORT_BY_NAME(SORT_BY_ALIGNMENT(._ps2_driver_api.static.*)))
                0x0000000000005754                _ps2_driver_api_list_end = .

ptp_clock_driver_api_area
                0x0000000000005754        0x0
                0x0000000000005754                _ptp_clock_driver_api_list_start = .
 *(SORT_BY_NAME(SORT_BY_ALIGNMENT(._ptp_clock_driver_api.static.*)))
                0x0000000000005754                _ptp_clock_driver_api_list_end = .

pwm_driver_api_area
                0x0000000000005754        0x0
                0x0000000000005754                _pwm_driver_api_list_start = .
 *(SORT_BY_NAME(SORT_BY_ALIGNMENT(._pwm_driver_api.static.*)))
                0x0000000000005754                _pwm_driver_api_list_end = .

regulator_parent_driver_api_area
                0x0000000000005754        0x0
                0x0000000000005754                _regulator_parent_driver_api_list_start = .
 *(SORT_BY_NAME(SORT_BY_ALIGNMENT(._regulator_parent_driver_api.static.*)))
                0x0000000000005754                _regulator_parent_driver_api_list_end = .

regulator_driver_api_area
                0x0000000000005754        0x0
                0x0000000000005754                _regulator_driver_api_list_start = .
 *(SORT_BY_NAME(SORT_BY_ALIGNMENT(._regulator_driver_api.static.*)))
                0x0000000000005754                _regulator_driver_api_list_end = .

reset_driver_api_area
                0x0000000000005754        0x0
                0x0000000000005754                _reset_driver_api_list_start = .
 *(SORT_BY_NAME(SORT_BY_ALIGNMENT(._reset_driver_api.static.*)))
                0x0000000000005754                _reset_driver_api_list_end = .

retained_mem_driver_api_area
                0x0000000000005754        0x0
                0x0000000000005754                _retained_mem_driver_api_list_start = .
 *(SORT_BY_NAME(SORT_BY_ALIGNMENT(._retained_mem_driver_api.static.*)))
                0x0000000000005754                _retained_mem_driver_api_list_end = .

rtc_driver_api_area
                0x0000000000005754        0x0
                0x0000000000005754                _rtc_driver_api_list_start = .
 *(SORT_BY_NAME(SORT_BY_ALIGNMENT(._rtc_driver_api.static.*)))
                0x0000000000005754                _rtc_driver_api_list_end = .

sdhc_driver_api_area
                0x0000000000005754        0x0
                0x0000000000005754                _sdhc_driver_api_list_start = .
 *(SORT_BY_NAME(SORT_BY_ALIGNMENT(._sdhc_driver_api.static.*)))
                0x0000000000005754                _sdhc_driver_api_list_end = .

sensor_driver_api_area
                0x0000000000005754        0x0
                0x0000000000005754                _sensor_driver_api_list_start = .
 *(SORT_BY_NAME(SORT_BY_ALIGNMENT(._sensor_driver_api.static.*)))
                0x0000000000005754                _sensor_driver_api_list_end = .

smbus_driver_api_area
                0x0000000000005754        0x0
                0x0000000000005754                _smbus_driver_api_list_start = .
 *(SORT_BY_NAME(SORT_BY_ALIGNMENT(._smbus_driver_api.static.*)))
                0x0000000000005754                _smbus_driver_api_list_end = .

spi_driver_api_area
                0x0000000000005754        0x0
                0x0000000000005754                _spi_driver_api_list_start = .
 *(SORT_BY_NAME(SORT_BY_ALIGNMENT(._spi_driver_api.static.*)))
                0x0000000000005754                _spi_driver_api_list_end = .

stepper_driver_api_area
                0x0000000000005754        0x0
                0x0000000000005754                _stepper_driver_api_list_start = .
 *(SORT_BY_NAME(SORT_BY_ALIGNMENT(._stepper_driver_api.static.*)))
                0x0000000000005754                _stepper_driver_api_list_end = .

syscon_driver_api_area
                0x0000000000005754        0x0
                0x0000000000005754                _syscon_driver_api_list_start = .
 *(SORT_BY_NAME(SORT_BY_ALIGNMENT(._syscon_driver_api.static.*)))
                0x0000000000005754                _syscon_driver_api_list_end = .

tee_driver_api_area
                0x0000000000005754        0x0
                0x0000000000005754                _tee_driver_api_list_start = .
 *(SORT_BY_NAME(SORT_BY_ALIGNMENT(._tee_driver_api.static.*)))
                0x0000000000005754                _tee_driver_api_list_end = .

video_driver_api_area
                0x0000000000005754        0x0
                0x0000000000005754                _video_driver_api_list_start = .
 *(SORT_BY_NAME(SORT_BY_ALIGNMENT(._video_driver_api.static.*)))
                0x0000000000005754                _video_driver_api_list_end = .

virtio_driver_api_area
                0x0000000000005754        0x0
                0x0000000000005754                _virtio_driver_api_list_start = .
 *(SORT_BY_NAME(SORT_BY_ALIGNMENT(._virtio_driver_api.static.*)))
                0x0000000000005754                _virtio_driver_api_list_end = .

w1_driver_api_area
                0x0000000000005754        0x0
                0x0000000000005754                _w1_driver_api_list_start = .
 *(SORT_BY_NAME(SORT_BY_ALIGNMENT(._w1_driver_api.static.*)))
                0x0000000000005754                _w1_driver_api_list_end = .

wdt_driver_api_area
                0x0000000000005754        0x0
                0x0000000000005754                _wdt_driver_api_list_start = .
 *(SORT_BY_NAME(SORT_BY_ALIGNMENT(._wdt_driver_api.static.*)))
                0x0000000000005754                _wdt_driver_api_list_end = .

can_transceiver_driver_api_area
                0x0000000000005754        0x0
                0x0000000000005754                _can_transceiver_driver_api_list_start = .
 *(SORT_BY_NAME(SORT_BY_ALIGNMENT(._can_transceiver_driver_api.static.*)))
                0x0000000000005754                _can_transceiver_driver_api_list_end = .

nrf_clock_control_driver_api_area
                0x0000000000005754        0x0
                0x0000000000005754                _nrf_clock_control_driver_api_list_start = .
 *(SORT_BY_NAME(SORT_BY_ALIGNMENT(._nrf_clock_control_driver_api.static.*)))
                0x0000000000005754                _nrf_clock_control_driver_api_list_end = .

i3c_target_driver_api_area
                0x0000000000005754        0x0
                0x0000000000005754                _i3c_target_driver_api_list_start = .
 *(SORT_BY_NAME(SORT_BY_ALIGNMENT(._i3c_target_driver_api.static.*)))
                0x0000000000005754                _i3c_target_driver_api_list_end = .

its_driver_api_area
                0x0000000000005754        0x0
                0x0000000000005754                _its_driver_api_list_start = .
 *(SORT_BY_NAME(SORT_BY_ALIGNMENT(._its_driver_api.static.*)))
                0x0000000000005754                _its_driver_api_list_end = .

vtd_driver_api_area
                0x0000000000005754        0x0
                0x0000000000005754                _vtd_driver_api_list_start = .
 *(SORT_BY_NAME(SORT_BY_ALIGNMENT(._vtd_driver_api.static.*)))
                0x0000000000005754                _vtd_driver_api_list_end = .

renesas_elc_driver_api_area
                0x0000000000005754        0x0
                0x0000000000005754                _renesas_elc_driver_api_list_start = .
 *(SORT_BY_NAME(SORT_BY_ALIGNMENT(._renesas_elc_driver_api.static.*)))
                0x0000000000005754                _renesas_elc_driver_api_list_end = .

tgpio_driver_api_area
                0x0000000000005754        0x0
                0x0000000000005754                _tgpio_driver_api_list_start = .
 *(SORT_BY_NAME(SORT_BY_ALIGNMENT(._tgpio_driver_api.static.*)))
                0x0000000000005754                _tgpio_driver_api_list_end = .

pcie_ctrl_driver_api_area
                0x0000000000005754        0x0
                0x0000000000005754                _pcie_ctrl_driver_api_list_start = .
 *(SORT_BY_NAME(SORT_BY_ALIGNMENT(._pcie_ctrl_driver_api.static.*)))
                0x0000000000005754                _pcie_ctrl_driver_api_list_end = .

pcie_ep_driver_api_area
                0x0000000000005754        0x0
                0x0000000000005754                _pcie_ep_driver_api_list_start = .
 *(SORT_BY_NAME(SORT_BY_ALIGNMENT(._pcie_ep_driver_api.static.*)))
                0x0000000000005754                _pcie_ep_driver_api_list_end = .

psi5_driver_api_area
                0x0000000000005754        0x0
                0x0000000000005754                _psi5_driver_api_list_start = .
 *(SORT_BY_NAME(SORT_BY_ALIGNMENT(._psi5_driver_api.static.*)))
                0x0000000000005754                _psi5_driver_api_list_end = .

sent_driver_api_area
                0x0000000000005754        0x0
                0x0000000000005754                _sent_driver_api_list_start = .
 *(SORT_BY_NAME(SORT_BY_ALIGNMENT(._sent_driver_api.static.*)))
                0x0000000000005754                _sent_driver_api_list_end = .

svc_driver_api_area
                0x0000000000005754        0x0
                0x0000000000005754                _svc_driver_api_list_start = .
 *(SORT_BY_NAME(SORT_BY_ALIGNMENT(._svc_driver_api.static.*)))
                0x0000000000005754                _svc_driver_api_list_end = .

uart_driver_api_area
                0x0000000000005754       0x4c
                0x0000000000005754                _uart_driver_api_list_start = .
 *(SORT_BY_NAME(SORT_BY_ALIGNMENT(._uart_driver_api.static.*)))
 ._uart_driver_api.static.uart_cmsdk_apb_driver_api_
                0x0000000000005754       0x4c zephyr/drivers/serial/libdrivers__serial.a(uart_cmsdk_apb.c.obj)
                0x00000000000057a0                _uart_driver_api_list_end = .

bc12_emul_driver_api_area
                0x00000000000057a0        0x0
                0x00000000000057a0                _bc12_emul_driver_api_list_start = .
 *(SORT_BY_NAME(SORT_BY_ALIGNMENT(._bc12_emul_driver_api.static.*)))
                0x00000000000057a0                _bc12_emul_driver_api_list_end = .

bc12_driver_api_area
                0x00000000000057a0        0x0
                0x00000000000057a0                _bc12_driver_api_list_start = .
 *(SORT_BY_NAME(SORT_BY_ALIGNMENT(._bc12_driver_api.static.*)))
                0x00000000000057a0                _bc12_driver_api_list_end = .

usbc_ppc_driver_api_area
                0x00000000000057a0        0x0
                0x00000000000057a0                _usbc_ppc_driver_api_list_start = .
 *(SORT_BY_NAME(SORT_BY_ALIGNMENT(._usbc_ppc_driver_api.static.*)))
                0x00000000000057a0                _usbc_ppc_driver_api_list_end = .

tcpc_driver_api_area
                0x00000000000057a0        0x0
                0x00000000000057a0                _tcpc_driver_api_list_start = .
 *(SORT_BY_NAME(SORT_BY_ALIGNMENT(._tcpc_driver_api.static.*)))
                0x00000000000057a0                _tcpc_driver_api_list_end = .

usbc_vbus_driver_api_area
                0x00000000000057a0        0x0
                0x00000000000057a0                _usbc_vbus_driver_api_list_start = .
 *(SORT_BY_NAME(SORT_BY_ALIGNMENT(._usbc_vbus_driver_api.static.*)))
                0x00000000000057a0                _usbc_vbus_driver_api_list_end = .

ivshmem_driver_api_area
                0x00000000000057a0        0x0
                0x00000000000057a0                _ivshmem_driver_api_list_start = .
 *(SORT_BY_NAME(SORT_BY_ALIGNMENT(._ivshmem_driver_api.static.*)))
                0x00000000000057a0                _ivshmem_driver_api_list_end = .

ethphy_driver_api_area
                0x00000000000057a0        0x0
                0x00000000000057a0                _ethphy_driver_api_list_start = .
 *(SORT_BY_NAME(SORT_BY_ALIGNMENT(._ethphy_driver_api.static.*)))
                0x00000000000057a0                _ethphy_driver_api_list_end = .

ztest           0x00000000000057a0        0x0
                0x00000000000057a0                _ztest_expected_result_entry_list_start = .
 *(SORT_BY_NAME(SORT_BY_ALIGNMENT(._ztest_expected_result_entry.static.*)))
                0x00000000000057a0                _ztest_expected_result_entry_list_end = .
                0x00000000000057a0                _ztest_suite_node_list_start = .
 *(SORT_BY_NAME(SORT_BY_ALIGNMENT(._ztest_suite_node.static.*)))
                0x00000000000057a0                _ztest_suite_node_list_end = .
                0x00000000000057a0                _ztest_unit_test_list_start = .
 *(SORT_BY_NAME(SORT_BY_ALIGNMENT(._ztest_unit_test.static.*)))
                0x00000000000057a0                _ztest_unit_test_list_end = .
                0x00000000000057a0                _ztest_test_rule_list_start = .
 *(SORT_BY_NAME(SORT_BY_ALIGNMENT(._ztest_test_rule.static.*)))
                0x00000000000057a0                _ztest_test_rule_list_end = .

init_array      0x00000000000057a0        0x0
                0x00000000000057a0                __zephyr_init_array_start = .
 *(SORT_BY_INIT_PRIORITY(.init_array.*) SORT_BY_INIT_PRIORITY(.ctors.*))
 *(SORT_BY_ALIGNMENT(.init_array) SORT_BY_ALIGNMENT(.ctors))
                0x00000000000057a0                __zephyr_init_array_end = .
                0x0000000000000001                ASSERT ((__zephyr_init_array_start == __zephyr_init_array_end), GNU-style constructors required but STATIC_INIT_GNU not enabled)

bt_l2cap_fixed_chan_area
                0x00000000000057a0        0x0
                0x00000000000057a0                _bt_l2cap_fixed_chan_list_start = .
 *(SORT_BY_NAME(SORT_BY_ALIGNMENT(._bt_l2cap_fixed_chan.static.*)))
                0x00000000000057a0                _bt_l2cap_fixed_chan_list_end = .

bt_gatt_service_static_area
                0x00000000000057a0        0x0
                0x00000000000057a0                _bt_gatt_service_static_list_start = .
 *(SORT_BY_NAME(SORT_BY_ALIGNMENT(._bt_gatt_service_static.static.*)))
                0x00000000000057a0                _bt_gatt_service_static_list_end = .

log_strings_area
                0x00000000000057a0        0x0
                0x00000000000057a0                _log_strings_list_start = .
 *(SORT_BY_NAME(SORT_BY_ALIGNMENT(._log_strings.static.*)))
                0x00000000000057a0                _log_strings_list_end = .

log_stmesp_ptr_area
                0x00000000000057a0        0x0
                0x00000000000057a0                _log_stmesp_ptr_list_start = .
 *(SORT_BY_NAME(SORT_BY_ALIGNMENT(._log_stmesp_ptr.static.*)))
                0x00000000000057a0                _log_stmesp_ptr_list_end = .

log_stmesp_str_area
                0x00000000000057a0        0x0
                0x00000000000057a0                _log_stmesp_str_list_start = .
 *(SORT_BY_NAME(SORT_BY_ALIGNMENT(._log_stmesp_str.static.*)))
                0x00000000000057a0                _log_stmesp_str_list_end = .

log_const_area  0x00000000000057a0       0x60
                0x00000000000057a0                _log_const_list_start = .
 *(SORT_BY_NAME(SORT_BY_ALIGNMENT(._log_const.static.*)))
 ._log_const.static.log_const_cbprintf_package_
                0x00000000000057a0        0x8 zephyr/libzephyr.a(cbprintf_packaged.c.obj)
                0x00000000000057a0                log_const_cbprintf_package
 ._log_const.static.log_const_log_
                0x00000000000057a8        0x8 zephyr/libzephyr.a(log_core.c.obj)
                0x00000000000057a8                log_const_log
 ._log_const.static.log_const_log_mgmt_
                0x00000000000057b0        0x8 zephyr/libzephyr.a(log_mgmt.c.obj)
                0x00000000000057b0                log_const_log_mgmt
 ._log_const.static.log_const_log_uart_
                0x00000000000057b8        0x8 zephyr/libzephyr.a(log_backend_uart.c.obj)
                0x00000000000057b8                log_const_log_uart
 ._log_const.static.log_const_mpu_
                0x00000000000057c0        0x8 zephyr/arch/arch/arm/core/mpu/libarch__arm__core__mpu.a(arm_core_mpu.c.obj)
                0x00000000000057c0                log_const_mpu
 ._log_const.static.log_const_os_
                0x00000000000057c8        0x8 zephyr/kernel/libkernel.a(init.c.obj)
                0x00000000000057c8                log_const_os
 ._log_const.static.log_const_radar_camera_
                0x00000000000057d0        0x8 app/libapp.a(camera.c.obj)
                0x00000000000057d0                log_const_radar_camera
 ._log_const.static.log_const_radar_control_
                0x00000000000057d8        0x8 app/libapp.a(control.c.obj)
                0x00000000000057d8                log_const_radar_control
 ._log_const.static.log_const_radar_display_
                0x00000000000057e0        0x8 app/libapp.a(display.c.obj)
                0x00000000000057e0                log_const_radar_display
 ._log_const.static.log_const_radar_main_
                0x00000000000057e8        0x8 app/libapp.a(main.c.obj)
                0x00000000000057e8                log_const_radar_main
 ._log_const.static.log_const_radar_sensors_
                0x00000000000057f0        0x8 app/libapp.a(sensors.c.obj)
                0x00000000000057f0                log_const_radar_sensors
 ._log_const.static.log_const_zbus_
                0x00000000000057f8        0x8 zephyr/subsys/zbus/libsubsys__zbus.a(zbus.c.obj)
                0x00000000000057f8                log_const_zbus
                0x0000000000005800                _log_const_list_end = .

log_backend_area
                0x0000000000005800       0x10
                0x0000000000005800                _log_backend_list_start = .
 *(SORT_BY_NAME(SORT_BY_ALIGNMENT(._log_backend.static.*)))
 ._log_backend.static.log_backend_uart_
                0x0000000000005800       0x10 zephyr/libzephyr.a(log_backend_uart.c.obj)
                0x0000000000005810                _log_backend_list_end = .

log_link_area   0x0000000000005810        0x0
                0x0000000000005810                _log_link_list_start = .
 *(SORT_BY_NAME(SORT_BY_ALIGNMENT(._log_link.static.*)))
                0x0000000000005810                _log_link_list_end = .

tracing_backend_area
                0x0000000000005810        0x0
                0x0000000000005810                _tracing_backend_list_start = .
 *(SORT_BY_NAME(SORT_BY_ALIGNMENT(._tracing_backend.static.*)))
                0x0000000000005810                _tracing_backend_list_end = .

zephyr_dbg_info
 *(SORT_BY_ALIGNMENT(.dbg_thread_info))

intc_table_area
                0x0000000000005810        0x0
                0x0000000000005810                _intc_table_list_start = .
 *(SORT_BY_NAME(SORT_BY_ALIGNMENT(._intc_table.static.*)))
                0x0000000000005810                _intc_table_list_end = .

zbus_channel_area
                0x0000000000005810       0x14
                0x0000000000005810                _zbus_channel_list_start = .
 *(SORT_BY_NAME(SORT_BY_ALIGNMENT(._zbus_channel.static.*)))
 ._zbus_channel.static.camera_chan_
                0x0000000000005810       0x14 app/libapp.a(main.c.obj)
                0x0000000000005810                camera_chan
                0x0000000000005824                _zbus_channel_list_end = .

zbus_observer_area
                0x0000000000005824        0x0
                0x0000000000005824                _zbus_observer_list_start = .
 *(SORT_BY_NAME(SORT_BY_ALIGNMENT(._zbus_observer.static.*)))
                0x0000000000005824                _zbus_observer_list_end = .

zbus_channel_observation_area
                0x0000000000005824        0x0
                0x0000000000005824                _zbus_channel_observation_list_start = .
 *(SORT_BY_NAME(SORT_BY_ALIGNMENT(._zbus_channel_observation.static.*)))
                0x0000000000005824                _zbus_channel_observation_list_end = .

symbol_to_keep  0x0000000000005824        0x0
                0x0000000000005824                __symbol_to_keep_start = .
 *(SORT_BY_NAME(SORT_BY_ALIGNMENT(.symbol_to_keep*)))
                0x0000000000005824                __symbol_to_keep_end = .

shell_area      0x0000000000005824        0x0
                0x0000000000005824                _shell_list_start = .
 *(SORT_BY_NAME(SORT_BY_ALIGNMENT(._shell.static.*)))
                0x0000000000005824                _shell_list_end = .

shell_root_cmds_area
                0x0000000000005824        0x0
                0x0000000000005824                _shell_root_cmds_list_start = .